<html>
<body>
<pre>
<h1>µVision Build Log</h1>
<h2>Tool Versions:</h2>
IDE-Version: µVision V5.36.0.0
Copyright (C) 2021 ARM Ltd and ARM Germany GmbH. All rights reserved.
License Information: Mostafa Lotfy, student, LIC=----
 
Tool Versions:
Toolchain:       MDK-Lite  Version: 5.36.0.0
Toolchain Path:  C:\Keil_v5\ARM\ARMCLANG\Bin
C Compiler:      ArmClang.exe V6.16
Assembler:       Armasm.exe V6.16
Linker/Locator:  ArmLink.exe V6.16
Library Manager: ArmAr.exe V6.16
Hex Converter:   FromElf.exe V6.16
CPU DLL:         SARMCM3.DLL V5.36.0.0
Dialog DLL:      DCM.DLL V1.17.3.0
Target DLL:      lmidk-agdi.dll V???
Dialog DLL:      TCM.DLL V1.53.0.0
 
<h2>Project:</h2>
D:\college\semster8\embedded\labs_code\labs.uvprojx
Project File Date:  03/11/2022

<h2>Output:</h2>
*** Using Compiler 'V6.16', folder: 'C:\Keil_v5\ARM\ARMCLANG\Bin'
Rebuild target 'Target 1'
main.c(9): warning: In file included from...
./BSP.h(11): warning: no newline at end of file [-Wnewline-eof]
#endif
      ^
main.c(12): warning: no previous extern declaration for non-static variable 'sp_toggle_blue' [-Wmissing-variable-declarations]
uint32_t *sp_toggle_blue = &toggle_blue_stack[40];
          ^
main.c(12): note: declare 'static' if the variable is not intended to be used outside of this translation unit
uint32_t *sp_toggle_blue = &toggle_blue_stack[40];
^
main.c(16): warning: no previous extern declaration for non-static variable 'sp_toggle_red' [-Wmissing-variable-declarations]
uint32_t *sp_toggle_red = &toggle_red_stack[40];
          ^
main.c(16): note: declare 'static' if the variable is not intended to be used outside of this translation unit
uint32_t *sp_toggle_red = &toggle_red_stack[40];
^
main.c(20): warning: function 'toggle_red' could be declared with attribute 'noreturn' [-Wmissing-noreturn]
void toggle_red(void){
                     ^
main.c(30): warning: function 'toggle_blue' could be declared with attribute 'noreturn' [-Wmissing-noreturn]
void toggle_blue(void){
                      ^
main.c(76): warning: 'return' will never be executed [-Wunreachable-code-return]
  return 0;
         ^
main.c(11): warning: no previous extern declaration for non-static variable 'toggle_blue_stack' [-Wmissing-variable-declarations]
uint32_t toggle_blue_stack[40];
         ^
main.c(11): note: declare 'static' if the variable is not intended to be used outside of this translation unit
uint32_t toggle_blue_stack[40];
^
main.c(15): warning: no previous extern declaration for non-static variable 'toggle_red_stack' [-Wmissing-variable-declarations]
uint32_t toggle_red_stack[40];
         ^
main.c(15): note: declare 'static' if the variable is not intended to be used outside of this translation unit
uint32_t toggle_red_stack[40];
^
8 warnings generated.
compiling main.c...
BSP.c(4): warning: In file included from...
./BSP.h(11): warning: no newline at end of file [-Wnewline-eof]
#endif
      ^
1 warning generated.
compiling BSP.c...
assembling startup_rvmdk.S...
linking...
Program Size: Code=2308 RO-data=32 RW-data=1644 ZI-data=680  
".\Objects\labs.axf" - 0 Error(s), 9 Warning(s).

<h2>Software Packages used:</h2>

Package Vendor: ARM
                http://www.keil.com/pack/ARM.CMSIS.5.8.0.pack
                ARM.CMSIS.5.8.0
                CMSIS (Common Microcontroller Software Interface Standard)
   * Component: CORE Version: 5.5.0

Package Vendor: Keil
                http://www.keil.com/pack/Keil.TM4C_DFP.1.1.0.pack
                Keil.TM4C_DFP.1.1.0
                Texas Instruments Tiva C Series Device Support and Examples

<h2>Collection of Component include folders:</h2>
  .\RTE\_Target_1
  C:\Users\Mostafa Lotfy\AppData\Local\Arm\Packs\ARM\CMSIS\5.8.0\CMSIS\Core\Include
  C:\Users\Mostafa Lotfy\AppData\Local\Arm\Packs\Keil\TM4C_DFP\1.1.0\Device\Include\TM4C123

<h2>Collection of Component Files used:</h2>

   * Component: ARM::CMSIS:CORE:5.5.0
Build Time Elapsed:  00:00:00
</pre>
</body>
</html>
