Component: ARM Compiler 6.16 Tool: armlink [5dfeaa00]

==============================================================================

Section Cross References

    main.o(.text.push_button_isr) refers to main.o(.bss.xSemaphore) for xSemaphore
    main.o(.text.push_button_isr) refers to queue.o(.text.xQueueGiveFromISR) for xQueueGiveFromISR
    main.o(.text.push_button_isr) refers to gpio.o(i.GPIOIntClear) for GPIOIntClear
    main.o(.ARM.exidx.text.push_button_isr) refers to main.o(.text.push_button_isr) for [Anonymous Symbol]
    main.o(.text.CounterTask) refers to main.o(.bss.xMutex) for xMutex
    main.o(.text.CounterTask) refers to queue.o(.text.xQueueSemaphoreTake) for xQueueSemaphoreTake
    main.o(.text.CounterTask) refers to main.o(.rodata..L.str) for .L.str
    main.o(.text.CounterTask) refers to utils.o(.text.uart_send_string) for uart_send_string
    main.o(.text.CounterTask) refers to utils.o(.text.itoa) for itoa
    main.o(.text.CounterTask) refers to queue.o(.text.xQueueGenericSend) for xQueueGenericSend
    main.o(.ARM.exidx.text.CounterTask) refers to main.o(.text.CounterTask) for [Anonymous Symbol]
    main.o(.text.LedTogglerTask) refers to main.o(.bss.xSemaphore) for xSemaphore
    main.o(.text.LedTogglerTask) refers to queue.o(.text.xQueueSemaphoreTake) for xQueueSemaphoreTake
    main.o(.text.LedTogglerTask) refers to main.o(.bss.xMutex) for xMutex
    main.o(.text.LedTogglerTask) refers to main.o(.rodata.str1.1) for .L.str.1
    main.o(.text.LedTogglerTask) refers to utils.o(.text.uart_send_string) for uart_send_string
    main.o(.text.LedTogglerTask) refers to utils.o(.text.itoa) for itoa
    main.o(.text.LedTogglerTask) refers to queue.o(.text.xQueueGenericSend) for xQueueGenericSend
    main.o(.text.LedTogglerTask) refers to tasks.o(.text.vTaskDelay) for vTaskDelay
    main.o(.ARM.exidx.text.LedTogglerTask) refers to main.o(.text.LedTogglerTask) for [Anonymous Symbol]
    main.o(.text.initTask) refers to sysctl.o(i.SysCtlPeripheralEnable) for SysCtlPeripheralEnable
    main.o(.text.initTask) refers to sysctl.o(i.SysCtlPeripheralReady) for SysCtlPeripheralReady
    main.o(.text.initTask) refers to gpio.o(i.GPIOPinTypeGPIOInput) for GPIOPinTypeGPIOInput
    main.o(.text.initTask) refers to gpio.o(i.GPIOPinTypeGPIOOutput) for GPIOPinTypeGPIOOutput
    main.o(.text.initTask) refers to gpio.o(i.GPIOPadConfigSet) for GPIOPadConfigSet
    main.o(.text.initTask) refers to gpio.o(i.GPIOIntTypeSet) for GPIOIntTypeSet
    main.o(.text.initTask) refers to main.o(.text.push_button_isr) for push_button_isr
    main.o(.text.initTask) refers to gpio.o(i.GPIOIntRegister) for GPIOIntRegister
    main.o(.text.initTask) refers to gpio.o(i.GPIOIntEnable) for GPIOIntEnable
    main.o(.text.initTask) refers to gpio.o(i.GPIOPinTypeUART) for GPIOPinTypeUART
    main.o(.text.initTask) refers to uart.o(i.UARTDisable) for UARTDisable
    main.o(.text.initTask) refers to uart.o(i.UARTClockSourceSet) for UARTClockSourceSet
    main.o(.text.initTask) refers to sysctl.o(i.SysCtlClockGet) for SysCtlClockGet
    main.o(.text.initTask) refers to uart.o(i.UARTConfigSetExpClk) for UARTConfigSetExpClk
    main.o(.text.initTask) refers to uart.o(i.UARTEnable) for UARTEnable
    main.o(.text.initTask) refers to tasks.o(.text.vTaskDelete) for vTaskDelete
    main.o(.ARM.exidx.text.initTask) refers to main.o(.text.initTask) for [Anonymous Symbol]
    main.o(.text.main) refers to queue.o(.text.xQueueGenericCreate) for xQueueGenericCreate
    main.o(.text.main) refers to main.o(.bss.xSemaphore) for xSemaphore
    main.o(.text.main) refers to queue.o(.text.xQueueCreateMutex) for xQueueCreateMutex
    main.o(.text.main) refers to main.o(.bss.xMutex) for xMutex
    main.o(.text.main) refers to main.o(.text.initTask) for initTask
    main.o(.text.main) refers to main.o(.rodata.str1.1) for .L.str.2
    main.o(.text.main) refers to tasks.o(.text.xTaskCreate) for xTaskCreate
    main.o(.text.main) refers to main.o(.text.LedTogglerTask) for LedTogglerTask
    main.o(.text.main) refers to main.o(.text.CounterTask) for CounterTask
    main.o(.text.main) refers to tasks.o(.text.vTaskStartScheduler) for vTaskStartScheduler
    main.o(.ARM.exidx.text.main) refers to main.o(.text.main) for [Anonymous Symbol]
    utils.o(.ARM.exidx.text.itoa) refers to utils.o(.text.itoa) for [Anonymous Symbol]
    utils.o(.text.uart_send_string) refers to uart.o(i.UARTCharPut) for UARTCharPut
    utils.o(.ARM.exidx.text.uart_send_string) refers to utils.o(.text.uart_send_string) for [Anonymous Symbol]
    startup_tm4c123.o(STACK) refers (Special) to heapauxi.o(.text) for __use_two_region_memory
    startup_tm4c123.o(HEAP) refers (Special) to heapauxi.o(.text) for __use_two_region_memory
    startup_tm4c123.o(RESET) refers (Special) to heapauxi.o(.text) for __use_two_region_memory
    startup_tm4c123.o(RESET) refers to startup_tm4c123.o(STACK) for __initial_sp
[...]
    .ARM.Collect$$libinit$$0000002E          0x00000306   Section        0  libinit2.o(.ARM.Collect$$libinit$$0000002E)
    .ARM.Collect$$libinit$$00000030          0x00000306   Section        0  libinit2.o(.ARM.Collect$$libinit$$00000030)
    .ARM.Collect$$libinit$$00000032          0x00000306   Section        0  libinit2.o(.ARM.Collect$$libinit$$00000032)
    .ARM.Collect$$libinit$$00000033          0x00000306   Section        2  libinit2.o(.ARM.Collect$$libinit$$00000033)
    .ARM.Collect$$libshutdown$$00000000      0x00000308   Section        2  libshutdown.o(.ARM.Collect$$libshutdown$$00000000)
    .ARM.Collect$$libshutdown$$00000002      0x0000030a   Section        0  libshutdown2.o(.ARM.Collect$$libshutdown$$00000002)
    .ARM.Collect$$libshutdown$$00000004      0x0000030a   Section        0  libshutdown2.o(.ARM.Collect$$libshutdown$$00000004)
    .ARM.Collect$$libshutdown$$00000007      0x0000030a   Section        0  libshutdown2.o(.ARM.Collect$$libshutdown$$00000007)
    .ARM.Collect$$libshutdown$$0000000A      0x0000030a   Section        0  libshutdown2.o(.ARM.Collect$$libshutdown$$0000000A)
    .ARM.Collect$$libshutdown$$0000000C      0x0000030a   Section        0  libshutdown2.o(.ARM.Collect$$libshutdown$$0000000C)
    .ARM.Collect$$libshutdown$$0000000F      0x0000030a   Section        0  libshutdown2.o(.ARM.Collect$$libshutdown$$0000000F)
    .ARM.Collect$$libshutdown$$00000010      0x0000030a   Section        2  libshutdown2.o(.ARM.Collect$$libshutdown$$00000010)
    .ARM.Collect$$rtentry$$00000000          0x0000030c   Section        0  __rtentry.o(.ARM.Collect$$rtentry$$00000000)
    .ARM.Collect$$rtentry$$00000002          0x0000030c   Section        0  __rtentry2.o(.ARM.Collect$$rtentry$$00000002)
    .ARM.Collect$$rtentry$$00000004          0x0000030c   Section        6  __rtentry4.o(.ARM.Collect$$rtentry$$00000004)
    .ARM.Collect$$rtentry$$00000009          0x00000312   Section        0  __rtentry2.o(.ARM.Collect$$rtentry$$00000009)
    .ARM.Collect$$rtentry$$0000000A          0x00000312   Section        4  __rtentry2.o(.ARM.Collect$$rtentry$$0000000A)
    .ARM.Collect$$rtentry$$0000000C          0x00000316   Section        0  __rtentry2.o(.ARM.Collect$$rtentry$$0000000C)
    .ARM.Collect$$rtentry$$0000000D          0x00000316   Section        8  __rtentry2.o(.ARM.Collect$$rtentry$$0000000D)
    .ARM.Collect$$rtexit$$00000000           0x0000031e   Section        2  rtexit.o(.ARM.Collect$$rtexit$$00000000)
    .ARM.Collect$$rtexit$$00000002           0x00000320   Section        0  rtexit2.o(.ARM.Collect$$rtexit$$00000002)
    .ARM.Collect$$rtexit$$00000003           0x00000320   Section        4  rtexit2.o(.ARM.Collect$$rtexit$$00000003)
    .ARM.Collect$$rtexit$$00000004           0x00000324   Section        6  rtexit2.o(.ARM.Collect$$rtexit$$00000004)
    $v0                                      0x0000032c   Number         0  startup_tm4c123.o(.text)
    .text                                    0x0000032c   Section      276  startup_tm4c123.o(.text)
    .text                                    0x00000440   Section      138  rt_memcpy_v6.o(.text)
    .text                                    0x000004ca   Section       16  aeabi_memset4.o(.text)
    .text                                    0x000004da   Section        0  heapauxi.o(.text)
    .text                                    0x000004e0   Section      100  rt_memcpy_w.o(.text)
    .text                                    0x00000544   Section       78  rt_memclr_w.o(.text)
    .text                                    0x00000592   Section       74  sys_stackheap_outer.o(.text)
    .text                                    0x000005dc   Section        0  exit.o(.text)
    .text                                    0x000005f0   Section        8  libspace.o(.text)
    .text                                    0x000005f8   Section        0  sys_exit.o(.text)
    .text                                    0x00000604   Section        2  use_no_semi.o(.text)
    .text                                    0x00000606   Section        0  indicate_semi.o(.text)
    [Anonymous Symbol]                       0x00000608   Section        0  main.o(.text.CounterTask)
    [Anonymous Symbol]                       0x0000066c   Section        0  main.o(.text.LedTogglerTask)
    [Anonymous Symbol]                       0x00000710   Section        0  port.o(.text.PendSV_Handler)
    pxCurrentTCBConst                        0x00000770   Number         0  port.o(.text.PendSV_Handler)
    [Anonymous Symbol]                       0x00000780   Section        0  port.o(.text.SVC_Handler)
    pxCurrentTCBConst2                       0x000007a0   Number         0  port.o(.text.SVC_Handler)
    [Anonymous Symbol]                       0x000007a4   Section        0  port.o(.text.SysTick_Handler)
    [Anonymous Symbol]                       0x000007e0   Section        0  system_tm4c123.o(.text.SystemInit)
    [Anonymous Symbol]                       0x000008ec   Section        0  main.o(.text.initTask)
    [Anonymous Symbol]                       0x00000a0c   Section        0  utils.o(.text.itoa)
    [Anonymous Symbol]                       0x00000ab8   Section        0  main.o(.text.main)
    prvAddCurrentTaskToDelayedList           0x00000b71   Thumb Code   290  tasks.o(.text.prvAddCurrentTaskToDelayedList)
    [Anonymous Symbol]                       0x00000b70   Section        0  tasks.o(.text.prvAddCurrentTaskToDelayedList)
    prvAddNewTaskToReadyList                 0x00000c95   Thumb Code   340  tasks.o(.text.prvAddNewTaskToReadyList)
    [Anonymous Symbol]                       0x00000c94   Section        0  tasks.o(.text.prvAddNewTaskToReadyList)
    prvCheckForValidListAndQueue             0x00000de9   Thumb Code   106  timers.o(.text.prvCheckForValidListAndQueue)
    [Anonymous Symbol]                       0x00000de8   Section        0  timers.o(.text.prvCheckForValidListAndQueue)
    prvCheckTasksWaitingTermination          0x00000e55   Thumb Code    90  tasks.o(.text.prvCheckTasksWaitingTermination)
    [Anonymous Symbol]                       0x00000e54   Section        0  tasks.o(.text.prvCheckTasksWaitingTermination)
    prvCopyDataFromQueue                     0x00000eb1   Thumb Code    66  queue.o(.text.prvCopyDataFromQueue)
    [Anonymous Symbol]                       0x00000eb0   Section        0  queue.o(.text.prvCopyDataFromQueue)
    prvCopyDataToQueue                       0x00000ef5   Thumb Code   204  queue.o(.text.prvCopyDataToQueue)
    [Anonymous Symbol]                       0x00000ef4   Section        0  queue.o(.text.prvCopyDataToQueue)
    prvDeleteTCB                             0x00000fc1   Thumb Code    24  tasks.o(.text.prvDeleteTCB)
    [Anonymous Symbol]                       0x00000fc0   Section        0  tasks.o(.text.prvDeleteTCB)
    prvGetDisinheritPriorityAfterTimeout     0x00000fd9   Thumb Code    38  queue.o(.text.prvGetDisinheritPriorityAfterTimeout)
    [Anonymous Symbol]                       0x00000fd8   Section        0  queue.o(.text.prvGetDisinheritPriorityAfterTimeout)
    prvGetNextExpireTime                     0x00001001   Thumb Code    64  timers.o(.text.prvGetNextExpireTime)
    [Anonymous Symbol]                       0x00001000   Section        0  timers.o(.text.prvGetNextExpireTime)
    prvHeapInit                              0x00001041   Thumb Code    66  heap_2.o(.text.prvHeapInit)
    [Anonymous Symbol]                       0x00001040   Section        0  heap_2.o(.text.prvHeapInit)
    prvIdleTask                              0x00001085   Thumb Code    56  tasks.o(.text.prvIdleTask)
    [Anonymous Symbol]                       0x00001084   Section        0  tasks.o(.text.prvIdleTask)
    prvInitialiseMutex                       0x000010bd   Thumb Code    44  queue.o(.text.prvInitialiseMutex)
    [Anonymous Symbol]                       0x000010bc   Section        0  queue.o(.text.prvInitialiseMutex)
    prvInitialiseNewQueue                    0x000010e9   Thumb Code    78  queue.o(.text.prvInitialiseNewQueue)
    [Anonymous Symbol]                       0x000010e8   Section        0  queue.o(.text.prvInitialiseNewQueue)
    prvInitialiseNewTask                     0x00001139   Thumb Code   326  tasks.o(.text.prvInitialiseNewTask)
    [Anonymous Symbol]                       0x00001138   Section        0  tasks.o(.text.prvInitialiseNewTask)
    prvInitialiseTaskLists                   0x00001281   Thumb Code   142  tasks.o(.text.prvInitialiseTaskLists)
    [Anonymous Symbol]                       0x00001280   Section        0  tasks.o(.text.prvInitialiseTaskLists)
    prvInsertTimerInActiveList               0x00001311   Thumb Code   134  timers.o(.text.prvInsertTimerInActiveList)
    [Anonymous Symbol]                       0x00001310   Section        0  timers.o(.text.prvInsertTimerInActiveList)
    prvIsQueueEmpty                          0x00001399   Thumb Code    40  queue.o(.text.prvIsQueueEmpty)
    [Anonymous Symbol]                       0x00001398   Section        0  queue.o(.text.prvIsQueueEmpty)
    prvIsQueueFull                           0x000013c1   Thumb Code    46  queue.o(.text.prvIsQueueFull)
    [Anonymous Symbol]                       0x000013c0   Section        0  queue.o(.text.prvIsQueueFull)
    prvNotifyQueueSetContainer               0x000013f1   Thumb Code   216  queue.o(.text.prvNotifyQueueSetContainer)
    [Anonymous Symbol]                       0x000013f0   Section        0  queue.o(.text.prvNotifyQueueSetContainer)
    prvPortStartFirstTask                    0x000014c9   Thumb Code    40  port.o(.text.prvPortStartFirstTask)
    [Anonymous Symbol]                       0x000014c8   Section        0  port.o(.text.prvPortStartFirstTask)
    prvProcessExpiredTimer                   0x000014f1   Thumb Code    84  timers.o(.text.prvProcessExpiredTimer)
    [Anonymous Symbol]                       0x000014f0   Section        0  timers.o(.text.prvProcessExpiredTimer)
    prvProcessReceivedCommands               0x00001545   Thumb Code   384  timers.o(.text.prvProcessReceivedCommands)
    [Anonymous Symbol]                       0x00001544   Section        0  timers.o(.text.prvProcessReceivedCommands)
    prvProcessTimerOrBlockTask               0x000016c5   Thumb Code   154  timers.o(.text.prvProcessTimerOrBlockTask)
    [Anonymous Symbol]                       0x000016c4   Section        0  timers.o(.text.prvProcessTimerOrBlockTask)
    prvReloadTimer                           0x00001761   Thumb Code    52  timers.o(.text.prvReloadTimer)
    [Anonymous Symbol]                       0x00001760   Section        0  timers.o(.text.prvReloadTimer)
    prvResetNextTaskUnblockTime              0x00001795   Thumb Code    60  tasks.o(.text.prvResetNextTaskUnblockTime)
    [Anonymous Symbol]                       0x00001794   Section        0  tasks.o(.text.prvResetNextTaskUnblockTime)
    prvSampleTimeNow                         0x000017d1   Thumb Code    68  timers.o(.text.prvSampleTimeNow)
    [Anonymous Symbol]                       0x000017d0   Section        0  timers.o(.text.prvSampleTimeNow)
    prvSwitchTimerLists                      0x00001815   Thumb Code    82  timers.o(.text.prvSwitchTimerLists)
    [Anonymous Symbol]                       0x00001814   Section        0  timers.o(.text.prvSwitchTimerLists)
    prvTaskExitError                         0x00001869   Thumb Code    76  port.o(.text.prvTaskExitError)
    [Anonymous Symbol]                       0x00001868   Section        0  port.o(.text.prvTaskExitError)
    prvTimerTask                             0x000018b5   Thumb Code    30  timers.o(.text.prvTimerTask)
    [Anonymous Symbol]                       0x000018b4   Section        0  timers.o(.text.prvTimerTask)
    prvUnlockQueue                           0x000018d5   Thumb Code   204  queue.o(.text.prvUnlockQueue)
    [Anonymous Symbol]                       0x000018d4   Section        0  queue.o(.text.prvUnlockQueue)
    [Anonymous Symbol]                       0x000019a0   Section        0  main.o(.text.push_button_isr)
    [Anonymous Symbol]                       0x000019ec   Section        0  heap_2.o(.text.pvPortMalloc)
    [Anonymous Symbol]                       0x00001b78   Section        0  tasks.o(.text.pvTaskIncrementMutexHeldCount)
    [Anonymous Symbol]                       0x00001ba4   Section        0  port.o(.text.pxPortInitialiseStack)
    [Anonymous Symbol]                       0x00001c04   Section        0  utils.o(.text.uart_send_string)
    [Anonymous Symbol]                       0x00001c50   Section        0  list.o(.text.uxListRemove)
    [Anonymous Symbol]                       0x00001c98   Section        0  list.o(.text.vListInitialise)
    [Anonymous Symbol]                       0x00001cc8   Section        0  list.o(.text.vListInitialiseItem)
    [Anonymous Symbol]                       0x00001cd8   Section        0  list.o(.text.vListInsert)
    [Anonymous Symbol]                       0x00001d44   Section        0  list.o(.text.vListInsertEnd)
    vPortEnableVFP                           0x00001d81   Thumb Code    20  port.o(.text.vPortEnableVFP)
    [Anonymous Symbol]                       0x00001d80   Section        0  port.o(.text.vPortEnableVFP)
    [Anonymous Symbol]                       0x00001d94   Section        0  port.o(.text.vPortEnterCritical)
    [Anonymous Symbol]                       0x00001dec   Section        0  port.o(.text.vPortExitCritical)
    [Anonymous Symbol]                       0x00001e38   Section        0  heap_2.o(.text.vPortFree)
    [Anonymous Symbol]                       0x00001eac   Section        0  port.o(.text.vPortSetupTimerInterrupt)
    [Anonymous Symbol]                       0x00001ef0   Section        0  port.o(.text.vPortValidateInterruptPriority)
    [Anonymous Symbol]                       0x00001f74   Section        0  queue.o(.text.vQueueWaitForMessageRestricted)
    [Anonymous Symbol]                       0x00001fd8   Section        0  tasks.o(.text.vTaskDelay)
    [Anonymous Symbol]                       0x00002048   Section        0  tasks.o(.text.vTaskDelete)
    [Anonymous Symbol]                       0x0000219c   Section        0  tasks.o(.text.vTaskInternalSetTimeOutState)
    [Anonymous Symbol]                       0x000021c0   Section        0  tasks.o(.text.vTaskMissedYield)
    [Anonymous Symbol]                       0x000021d0   Section        0  tasks.o(.text.vTaskPlaceOnEventList)
    [Anonymous Symbol]                       0x00002214   Section        0  tasks.o(.text.vTaskPlaceOnEventListRestricted)
    [Anonymous Symbol]                       0x00002290   Section        0  tasks.o(.text.vTaskPriorityDisinheritAfterTimeout)
    [Anonymous Symbol]                       0x00002414   Section        0  tasks.o(.text.vTaskStartScheduler)
    [Anonymous Symbol]                       0x000024d0   Section        0  tasks.o(.text.vTaskSuspendAll)
    __tagsym$$used.0                         0x000024e0   Number         0  tasks.o(.text.vTaskSwitchContext)
    [Anonymous Symbol]                       0x000024e0   Section        0  tasks.o(.text.vTaskSwitchContext)
    [Anonymous Symbol]                       0x000025a0   Section        0  port.o(.text.xPortStartScheduler)
    [Anonymous Symbol]                       0x000026f8   Section        0  queue.o(.text.xQueueCreateMutex)
    [Anonymous Symbol]                       0x00002720   Section        0  queue.o(.text.xQueueGenericCreate)
    [Anonymous Symbol]                       0x000027bc   Section        0  queue.o(.text.xQueueGenericReset)
    [Anonymous Symbol]                       0x000028c4   Section        0  queue.o(.text.xQueueGenericSend)
    [Anonymous Symbol]                       0x00002b38   Section        0  queue.o(.text.xQueueGiveFromISR)
    [Anonymous Symbol]                       0x00002ca8   Section        0  queue.o(.text.xQueueReceive)
    [Anonymous Symbol]                       0x00002e84   Section        0  queue.o(.text.xQueueSemaphoreTake)
    [Anonymous Symbol]                       0x000030b0   Section        0  tasks.o(.text.xTaskCheckForTimeOut)
    [Anonymous Symbol]                       0x000031ac   Section        0  tasks.o(.text.xTaskCreate)
    [Anonymous Symbol]                       0x00003244   Section        0  tasks.o(.text.xTaskGetSchedulerState)
    [Anonymous Symbol]                       0x0000327c   Section        0  tasks.o(.text.xTaskGetTickCount)
    [Anonymous Symbol]                       0x00003290   Section        0  tasks.o(.text.xTaskIncrementTick)
    [Anonymous Symbol]                       0x000034f0   Section        0  tasks.o(.text.xTaskPriorityDisinherit)
    [Anonymous Symbol]                       0x00003628   Section        0  tasks.o(.text.xTaskPriorityInherit)
    [Anonymous Symbol]                       0x00003784   Section        0  tasks.o(.text.xTaskRemoveFromEventList)
    [Anonymous Symbol]                       0x00003910   Section        0  tasks.o(.text.xTaskResumeAll)
    [Anonymous Symbol]                       0x00003b34   Section        0  timers.o(.text.xTimerCreateTimerTask)
    i.GPIODirModeSet                         0x00003b9e   Section        0  gpio.o(i.GPIODirModeSet)
    i.GPIOIntClear                           0x00003bc6   Section        0  gpio.o(i.GPIOIntClear)
    i.GPIOIntEnable                          0x00003bcc   Section        0  gpio.o(i.GPIOIntEnable)
    i.GPIOIntRegister                        0x00003bd8   Section        0  gpio.o(i.GPIOIntRegister)
    i.GPIOIntTypeSet                         0x00003bf2   Section        0  gpio.o(i.GPIOIntTypeSet)
    i.GPIOPadConfigSet                       0x00003c44   Section        0  gpio.o(i.GPIOPadConfigSet)
    i.GPIOPinTypeGPIOInput                   0x00003db4   Section        0  gpio.o(i.GPIOPinTypeGPIOInput)
    i.GPIOPinTypeGPIOOutput                  0x00003dd0   Section        0  gpio.o(i.GPIOPinTypeGPIOOutput)
    i.GPIOPinTypeUART                        0x00003dec   Section        0  gpio.o(i.GPIOPinTypeUART)
    i.IntEnable                              0x00003e08   Section        0  interrupt.o(i.IntEnable)
    i.IntRegister                            0x00003e6c   Section        0  interrupt.o(i.IntRegister)
    i.SysCtlClockGet                         0x00003ea0   Section        0  sysctl.o(i.SysCtlClockGet)
    i.SysCtlPeripheralEnable                 0x00003ff4   Section        0  sysctl.o(i.SysCtlPeripheralEnable)
    i.SysCtlPeripheralReady                  0x0000401c   Section        0  sysctl.o(i.SysCtlPeripheralReady)
    i.UARTCharPut                            0x00004048   Section        0  uart.o(i.UARTCharPut)
    i.UARTClockSourceSet                     0x00004054   Section        0  uart.o(i.UARTClockSourceSet)
    i.UARTConfigSetExpClk                    0x0000405a   Section        0  uart.o(i.UARTConfigSetExpClk)
    i.UARTDisable                            0x000040c8   Section        0  uart.o(i.UARTDisable)
    i.UARTEnable                             0x000040e6   Section        0  uart.o(i.UARTEnable)
    _GPIOIntNumberGet                        0x000040fd   Thumb Code    62  gpio.o(i._GPIOIntNumberGet)
    i._GPIOIntNumberGet                      0x000040fc   Section        0  gpio.o(i._GPIOIntNumberGet)
    $v0                                      0x0000414c   Number         0  fpinit.o(x$fpl$fpinit)
    x$fpl$fpinit                             0x0000414c   Section       26  fpinit.o(x$fpl$fpinit)
    g_ppui32GPIOIntMapBlizzard               0x00004168   Data         192  gpio.o(.constdata)
    .constdata                               0x00004168   Section      552  gpio.o(.constdata)
    g_ppui32GPIOIntMapSnowflake              0x00004228   Data         216  gpio.o(.constdata)
    g_pui32GPIOBaseAddrs                     0x00004300   Data         144  gpio.o(.constdata)
    g_pui32VCOFrequencies                    0x00004390   Data           8  sysctl.o(.constdata)
    .constdata                               0x00004390   Section      596  sysctl.o(.constdata)
    g_pui32Xtals                             0x00004398   Data         108  sysctl.o(.constdata)
    g_pppui32XTALtoVCO                       0x00004404   Data         432  sysctl.o(.constdata)
    g_sXTALtoMEMTIM                          0x000045b4   Data          48  sysctl.o(.constdata)
    g_pui32Priority                          0x000045e4   Data          32  interrupt.o(.constdata)
    .constdata                               0x000045e4   Section      268  interrupt.o(.constdata)
    g_pui32Regs                              0x00004604   Data         156  interrupt.o(.constdata)
    g_pui32EnRegs                            0x000046a0   Data          20  interrupt.o(.constdata)
    g_pui32Dii16Regs                         0x000046b4   Data          20  interrupt.o(.constdata)
    g_pui32PendRegs                          0x000046c8   Data          20  interrupt.o(.constdata)
    g_pui32UnpendRegs                        0x000046dc   Data          20  interrupt.o(.constdata)
    .L.str                                   0x000046f0   Data          26  main.o(.rodata..L.str)
    .L.str.1                                 0x0000470a   Data          24  main.o(.rodata.str1.1)
    [Anonymous Symbol]                       0x0000470a   Section        0  main.o(.rodata.str1.1)
    .L.str.3                                 0x00004722   Data          17  main.o(.rodata.str1.1)
    .L.str.4                                 0x00004733   Data          13  main.o(.rodata.str1.1)
    .L.str.2                                 0x00004740   Data          10  main.o(.rodata.str1.1)
    .L.str                                   0x0000474a   Data           5  tasks.o(.rodata.str1.1)
    [Anonymous Symbol]                       0x0000474a   Section        0  tasks.o(.rodata.str1.1)
    .L.str                                   0x0000474f   Data           8  timers.o(.rodata.str1.1)
    [Anonymous Symbol]                       0x0000474f   Section        0  timers.o(.rodata.str1.1)
    uxCriticalNesting                        0x20000004   Data           4  port.o(.data.uxCriticalNesting)
    [Anonymous Symbol]                       0x20000004   Section        0  port.o(.data.uxCriticalNesting)
    xFreeBytesRemaining                      0x20000008   Data           4  heap_2.o(.data.xFreeBytesRemaining)
    [Anonymous Symbol]                       0x20000008   Section        0  heap_2.o(.data.xFreeBytesRemaining)
    g_pfnRAMVectors                          0x20000400   Data         620  interrupt.o(vtable)
    vtable                                   0x20000400   Section      620  interrupt.o(vtable)
    .bss                                     0x20000670   Section       96  libspace.o(.bss)
    prvSampleTimeNow.xLastTime               0x200006d0   Data           4  timers.o(.bss.prvSampleTimeNow.xLastTime)
    [Anonymous Symbol]                       0x200006d0   Section        0  timers.o(.bss.prvSampleTimeNow.xLastTime)
    pvPortMalloc.xHeapHasBeenInitialised     0x200006d4   Data           4  heap_2.o(.bss.pvPortMalloc.xHeapHasBeenInitialised)
    [Anonymous Symbol]                       0x200006d4   Section        0  heap_2.o(.bss.pvPortMalloc.xHeapHasBeenInitialised)
    pxCurrentTimerList                       0x200006dc   Data           4  timers.o(.bss.pxCurrentTimerList)
    [Anonymous Symbol]                       0x200006dc   Section        0  timers.o(.bss.pxCurrentTimerList)
    pxDelayedTaskList                        0x200006e0   Data           4  tasks.o(.bss.pxDelayedTaskList)
    [Anonymous Symbol]                       0x200006e0   Section        0  tasks.o(.bss.pxDelayedTaskList)
    pxOverflowDelayedTaskList                0x200006e4   Data           4  tasks.o(.bss.pxOverflowDelayedTaskList)
    [Anonymous Symbol]                       0x200006e4   Section        0  tasks.o(.bss.pxOverflowDelayedTaskList)
    pxOverflowTimerList                      0x200006e8   Data           4  timers.o(.bss.pxOverflowTimerList)
    [Anonymous Symbol]                       0x200006e8   Section        0  timers.o(.bss.pxOverflowTimerList)
    pxReadyTasksLists                        0x200006ec   Data         100  tasks.o(.bss.pxReadyTasksLists)
    [Anonymous Symbol]                       0x200006ec   Section        0  tasks.o(.bss.pxReadyTasksLists)
    ucHeap                                   0x20000750   Data        4096  heap_2.o(.bss.ucHeap)
    [Anonymous Symbol]                       0x20000750   Section        0  heap_2.o(.bss.ucHeap)
    ucMaxSysCallPriority                     0x20001750   Data           1  port.o(.bss.ucMaxSysCallPriority)
    [Anonymous Symbol]                       0x20001750   Section        0  port.o(.bss.ucMaxSysCallPriority)
    ulMaxPRIGROUPValue                       0x20001754   Data           4  port.o(.bss.ulMaxPRIGROUPValue)
    [Anonymous Symbol]                       0x20001754   Section        0  port.o(.bss.ulMaxPRIGROUPValue)
    uxCurrentNumberOfTasks                   0x20001758   Data           4  tasks.o(.bss.uxCurrentNumberOfTasks)
    [Anonymous Symbol]                       0x20001758   Section        0  tasks.o(.bss.uxCurrentNumberOfTasks)
    uxDeletedTasksWaitingCleanUp             0x2000175c   Data           4  tasks.o(.bss.uxDeletedTasksWaitingCleanUp)
    [Anonymous Symbol]                       0x2000175c   Section        0  tasks.o(.bss.uxDeletedTasksWaitingCleanUp)
    uxSchedulerSuspended                     0x20001760   Data           4  tasks.o(.bss.uxSchedulerSuspended)
    [Anonymous Symbol]                       0x20001760   Section        0  tasks.o(.bss.uxSchedulerSuspended)
    uxTaskNumber                             0x20001764   Data           4  tasks.o(.bss.uxTaskNumber)
    [Anonymous Symbol]                       0x20001764   Section        0  tasks.o(.bss.uxTaskNumber)
    uxTopReadyPriority                       0x20001768   Data           4  tasks.o(.bss.uxTopReadyPriority)
    [Anonymous Symbol]                       0x20001768   Section        0  tasks.o(.bss.uxTopReadyPriority)
    xActiveTimerList1                        0x2000176c   Data          20  timers.o(.bss.xActiveTimerList1)
    [Anonymous Symbol]                       0x2000176c   Section        0  timers.o(.bss.xActiveTimerList1)
    xActiveTimerList2                        0x20001780   Data          20  timers.o(.bss.xActiveTimerList2)
    [Anonymous Symbol]                       0x20001780   Section        0  timers.o(.bss.xActiveTimerList2)
    xDelayedTaskList1                        0x20001794   Data          20  tasks.o(.bss.xDelayedTaskList1)
    [Anonymous Symbol]                       0x20001794   Section        0  tasks.o(.bss.xDelayedTaskList1)
    xDelayedTaskList2                        0x200017a8   Data          20  tasks.o(.bss.xDelayedTaskList2)
    [Anonymous Symbol]                       0x200017a8   Section        0  tasks.o(.bss.xDelayedTaskList2)
    xEnd                                     0x200017bc   Data           8  heap_2.o(.bss.xEnd)
    [Anonymous Symbol]                       0x200017bc   Section        0  heap_2.o(.bss.xEnd)
    xIdleTaskHandle                          0x200017c4   Data           4  tasks.o(.bss.xIdleTaskHandle)
    [Anonymous Symbol]                       0x200017c4   Section        0  tasks.o(.bss.xIdleTaskHandle)
    xNextTaskUnblockTime                     0x200017cc   Data           4  tasks.o(.bss.xNextTaskUnblockTime)
    [Anonymous Symbol]                       0x200017cc   Section        0  tasks.o(.bss.xNextTaskUnblockTime)
    xNumOfOverflows                          0x200017d0   Data           4  tasks.o(.bss.xNumOfOverflows)
    [Anonymous Symbol]                       0x200017d0   Section        0  tasks.o(.bss.xNumOfOverflows)
    xPendedTicks                             0x200017d4   Data           4  tasks.o(.bss.xPendedTicks)
    [Anonymous Symbol]                       0x200017d4   Section        0  tasks.o(.bss.xPendedTicks)
    xPendingReadyList                        0x200017d8   Data          20  tasks.o(.bss.xPendingReadyList)
    [Anonymous Symbol]                       0x200017d8   Section        0  tasks.o(.bss.xPendingReadyList)
    xSchedulerRunning                        0x200017ec   Data           4  tasks.o(.bss.xSchedulerRunning)
    [Anonymous Symbol]                       0x200017ec   Section        0  tasks.o(.bss.xSchedulerRunning)
    xStart                                   0x200017f4   Data           8  heap_2.o(.bss.xStart)
    [Anonymous Symbol]                       0x200017f4   Section        0  heap_2.o(.bss.xStart)
    xSuspendedTaskList                       0x200017fc   Data          20  tasks.o(.bss.xSuspendedTaskList)
    [Anonymous Symbol]                       0x200017fc   Section        0  tasks.o(.bss.xSuspendedTaskList)
    xTasksWaitingTermination                 0x20001810   Data          20  tasks.o(.bss.xTasksWaitingTermination)
    [Anonymous Symbol]                       0x20001810   Section        0  tasks.o(.bss.xTasksWaitingTermination)
    xTickCount                               0x20001824   Data           4  tasks.o(.bss.xTickCount)
    [Anonymous Symbol]                       0x20001824   Section        0  tasks.o(.bss.xTickCount)
    xTimerQueue                              0x20001828   Data           4  timers.o(.bss.xTimerQueue)
    [Anonymous Symbol]                       0x20001828   Section        0  timers.o(.bss.xTimerQueue)
    xTimerTaskHandle                         0x2000182c   Data           4  timers.o(.bss.xTimerTaskHandle)
    [Anonymous Symbol]                       0x2000182c   Section        0  timers.o(.bss.xTimerTaskHandle)
    xYieldPending                            0x20001830   Data           4  tasks.o(.bss.xYieldPending)
    [Anonymous Symbol]                       0x20001830   Section        0  tasks.o(.bss.xYieldPending)
    Heap_Mem                                 0x20001838   Data           0  startup_tm4c123.o(HEAP)
    Stack_Mem                                0x20001838   Data         512  startup_tm4c123.o(STACK)
    HEAP                                     0x20001838   Section        0  startup_tm4c123.o(HEAP)
    STACK                                    0x20001838   Section      512  startup_tm4c123.o(STACK)
    __initial_sp                             0x20001a38   Data           0  startup_tm4c123.o(STACK)

    Global Symbols

    Symbol Name                              Value     Ov Type        Size  Object(Section)

    BuildAttributes$$THM_ISAv4$E$P$D$K$B$S$7EM$VFPi3$EXTD16$VFPS$VFMA$PE$A:L22UL41UL21$X:L11$S22US41US21$IEEE1$IW$~IW$USESV6$~STKCKD$USESV7$~SHL$OTIME$ROPI$EBA8$UX$STANDARDLIB$REQ8$PRES8$EABIv2 0x00000000   Number         0  anon$$obj.o ABSOLUTE
    __Vectors                                0x00000000   Data           4  startup_tm4c123.o(RESET)
    __ARM_exceptions_init                     - Undefined Weak Reference
    __alloca_initialize                       - Undefined Weak Reference
    __arm_preinit_                            - Undefined Weak Reference
    __cpp_initialize__aeabi_                  - Undefined Weak Reference
    __cxa_finalize                            - Undefined Weak Reference
    __rt_locale                               - Undefined Weak Reference
    __sigvec_lookup                           - Undefined Weak Reference
    _atexit_init                              - Undefined Weak Reference
    _call_atexit_fns                          - Undefined Weak Reference
    _clock_init                               - Undefined Weak Reference
    _fp_trap_init                             - Undefined Weak Reference
    _fp_trap_shutdown                         - Undefined Weak Reference
    _get_lc_collate                           - Undefined Weak Reference
    _get_lc_ctype                             - Undefined Weak Reference
    _get_lc_monetary                          - Undefined Weak Reference
    _get_lc_numeric                           - Undefined Weak Reference
    _get_lc_time                              - Undefined Weak Reference
    _getenv_init                              - Undefined Weak Reference
    _handle_redirection                       - Undefined Weak Reference
    _init_alloc                               - Undefined Weak Reference
    _init_user_alloc                          - Undefined Weak Reference
    _initio                                   - Undefined Weak Reference
    _rand_init                                - Undefined Weak Reference
    _signal_finish                            - Undefined Weak Reference
    _signal_init                              - Undefined Weak Reference
    _terminate_alloc                          - Undefined Weak Reference
    _terminate_user_alloc                     - Undefined Weak Reference
    _terminateio                              - Undefined Weak Reference
    __Vectors_End                            0x0000026c   Data           0  startup_tm4c123.o(RESET)
    __Vectors_Size                           0x0000026c   Number         0  startup_tm4c123.o ABSOLUTE
    __main                                   0x0000026d   Thumb Code     8  __main.o(!!!main)
    __scatterload                            0x00000275   Thumb Code     0  __scatter.o(!!!scatter)
    __scatterload_rt2                        0x00000275   Thumb Code    44  __scatter.o(!!!scatter)
    __scatterload_rt2_thumb_only             0x00000275   Thumb Code     0  __scatter.o(!!!scatter)
    __scatterload_null                       0x00000283   Thumb Code     0  __scatter.o(!!!scatter)
    __decompress                             0x000002a9   Thumb Code    58  __dczerorl.o(!!dczerorl)
    __decompress0                            0x000002a9   Thumb Code     0  __dczerorl.o(!!dczerorl)
    __scatterload_zeroinit                   0x000002e5   Thumb Code    28  __scatter_zi.o(!!handler_zi)
    __rt_lib_init                            0x00000301   Thumb Code     0  libinit.o(.ARM.Collect$$libinit$$00000000)
    __rt_lib_init_fp_1                       0x00000303   Thumb Code     0  libinit2.o(.ARM.Collect$$libinit$$00000001)
    __rt_lib_init_alloca_1                   0x00000307   Thumb Code     0  libinit2.o(.ARM.Collect$$libinit$$0000002E)
    __rt_lib_init_argv_1                     0x00000307   Thumb Code     0  libinit2.o(.ARM.Collect$$libinit$$0000002C)
    __rt_lib_init_atexit_1                   0x00000307   Thumb Code     0  libinit2.o(.ARM.Collect$$libinit$$0000001B)
    __rt_lib_init_clock_1                    0x00000307   Thumb Code     0  libinit2.o(.ARM.Collect$$libinit$$00000021)
    __rt_lib_init_cpp_1                      0x00000307   Thumb Code     0  libinit2.o(.ARM.Collect$$libinit$$00000032)
    __rt_lib_init_exceptions_1               0x00000307   Thumb Code     0  libinit2.o(.ARM.Collect$$libinit$$00000030)
    __rt_lib_init_fp_trap_1                  0x00000307   Thumb Code     0  libinit2.o(.ARM.Collect$$libinit$$0000001F)
    __rt_lib_init_getenv_1                   0x00000307   Thumb Code     0  libinit2.o(.ARM.Collect$$libinit$$00000023)
    __rt_lib_init_heap_1                     0x00000307   Thumb Code     0  libinit2.o(.ARM.Collect$$libinit$$0000000A)
    __rt_lib_init_lc_collate_1               0x00000307   Thumb Code     0  libinit2.o(.ARM.Collect$$libinit$$00000011)
    __rt_lib_init_lc_ctype_1                 0x00000307   Thumb Code     0  libinit2.o(.ARM.Collect$$libinit$$00000013)
    __rt_lib_init_lc_monetary_1              0x00000307   Thumb Code     0  libinit2.o(.ARM.Collect$$libinit$$00000015)
    __rt_lib_init_lc_numeric_1               0x00000307   Thumb Code     0  libinit2.o(.ARM.Collect$$libinit$$00000017)
    __rt_lib_init_lc_time_1                  0x00000307   Thumb Code     0  libinit2.o(.ARM.Collect$$libinit$$00000019)
    __rt_lib_init_preinit_1                  0x00000307   Thumb Code     0  libinit2.o(.ARM.Collect$$libinit$$00000004)
    __rt_lib_init_rand_1                     0x00000307   Thumb Code     0  libinit2.o(.ARM.Collect$$libinit$$0000000E)
    __rt_lib_init_return                     0x00000307   Thumb Code     0  libinit2.o(.ARM.Collect$$libinit$$00000033)
    __rt_lib_init_signal_1                   0x00000307   Thumb Code     0  libinit2.o(.ARM.Collect$$libinit$$0000001D)
    __rt_lib_init_stdio_1                    0x00000307   Thumb Code     0  libinit2.o(.ARM.Collect$$libinit$$00000025)
    __rt_lib_init_user_alloc_1               0x00000307   Thumb Code     0  libinit2.o(.ARM.Collect$$libinit$$0000000C)
    __rt_lib_shutdown                        0x00000309   Thumb Code     0  libshutdown.o(.ARM.Collect$$libshutdown$$00000000)
    __rt_lib_shutdown_cpp_1                  0x0000030b   Thumb Code     0  libshutdown2.o(.ARM.Collect$$libshutdown$$00000002)
    __rt_lib_shutdown_fp_trap_1              0x0000030b   Thumb Code     0  libshutdown2.o(.ARM.Collect$$libshutdown$$00000007)
    __rt_lib_shutdown_heap_1                 0x0000030b   Thumb Code     0  libshutdown2.o(.ARM.Collect$$libshutdown$$0000000F)
    __rt_lib_shutdown_return                 0x0000030b   Thumb Code     0  libshutdown2.o(.ARM.Collect$$libshutdown$$00000010)
    __rt_lib_shutdown_signal_1               0x0000030b   Thumb Code     0  libshutdown2.o(.ARM.Collect$$libshutdown$$0000000A)
    __rt_lib_shutdown_stdio_1                0x0000030b   Thumb Code     0  libshutdown2.o(.ARM.Collect$$libshutdown$$00000004)
    __rt_lib_shutdown_user_alloc_1           0x0000030b   Thumb Code     0  libshutdown2.o(.ARM.Collect$$libshutdown$$0000000C)
    __rt_entry                               0x0000030d   Thumb Code     0  __rtentry.o(.ARM.Collect$$rtentry$$00000000)
    __rt_entry_presh_1                       0x0000030d   Thumb Code     0  __rtentry2.o(.ARM.Collect$$rtentry$$00000002)
    __rt_entry_sh                            0x0000030d   Thumb Code     0  __rtentry4.o(.ARM.Collect$$rtentry$$00000004)
    __rt_entry_li                            0x00000313   Thumb Code     0  __rtentry2.o(.ARM.Collect$$rtentry$$0000000A)
    __rt_entry_postsh_1                      0x00000313   Thumb Code     0  __rtentry2.o(.ARM.Collect$$rtentry$$00000009)
    __rt_entry_main                          0x00000317   Thumb Code     0  __rtentry2.o(.ARM.Collect$$rtentry$$0000000D)
    __rt_entry_postli_1                      0x00000317   Thumb Code     0  __rtentry2.o(.ARM.Collect$$rtentry$$0000000C)
    __rt_exit                                0x0000031f   Thumb Code     0  rtexit.o(.ARM.Collect$$rtexit$$00000000)
    __rt_exit_ls                             0x00000321   Thumb Code     0  rtexit2.o(.ARM.Collect$$rtexit$$00000003)
    __rt_exit_prels_1                        0x00000321   Thumb Code     0  rtexit2.o(.ARM.Collect$$rtexit$$00000002)
    __rt_exit_exit                           0x00000325   Thumb Code     0  rtexit2.o(.ARM.Collect$$rtexit$$00000004)
    Reset_Handler                            0x0000032d   Thumb Code     8  startup_tm4c123.o(.text)
    NMI_Handler                              0x00000335   Thumb Code     2  startup_tm4c123.o(.text)
    HardFault_Handler                        0x00000337   Thumb Code     2  startup_tm4c123.o(.text)
    MemManage_Handler                        0x00000339   Thumb Code     2  startup_tm4c123.o(.text)
    BusFault_Handler                         0x0000033b   Thumb Code     2  startup_tm4c123.o(.text)
    UsageFault_Handler                       0x0000033d   Thumb Code     2  startup_tm4c123.o(.text)
    DebugMon_Handler                         0x00000341   Thumb Code     2  startup_tm4c123.o(.text)
    GPIOA_Handler                            0x00000347   Thumb Code     2  startup_tm4c123.o(.text)
    GPIOB_Handler                            0x00000349   Thumb Code     2  startup_tm4c123.o(.text)
    GPIOC_Handler                            0x0000034b   Thumb Code     2  startup_tm4c123.o(.text)
    GPIOD_Handler                            0x0000034d   Thumb Code     2  startup_tm4c123.o(.text)
    GPIOE_Handler                            0x0000034f   Thumb Code     2  startup_tm4c123.o(.text)
    UART0_Handler                            0x00000351   Thumb Code     2  startup_tm4c123.o(.text)
    UART1_Handler                            0x00000353   Thumb Code     2  startup_tm4c123.o(.text)
    SSI0_Handler                             0x00000355   Thumb Code     2  startup_tm4c123.o(.text)
    I2C0_Handler                             0x00000357   Thumb Code     2  startup_tm4c123.o(.text)
    PMW0_FAULT_Handler                       0x00000359   Thumb Code     2  startup_tm4c123.o(.text)
    PWM0_0_Handler                           0x0000035b   Thumb Code     2  startup_tm4c123.o(.text)
    PWM0_1_Handler                           0x0000035d   Thumb Code     2  startup_tm4c123.o(.text)
    PWM0_2_Handler                           0x0000035f   Thumb Code     2  startup_tm4c123.o(.text)
    QEI0_Handler                             0x00000361   Thumb Code     2  startup_tm4c123.o(.text)
    ADC0SS0_Handler                          0x00000363   Thumb Code     2  startup_tm4c123.o(.text)
    ADC0SS1_Handler                          0x00000365   Thumb Code     2  startup_tm4c123.o(.text)
    ADC0SS2_Handler                          0x00000367   Thumb Code     2  startup_tm4c123.o(.text)
    ADC0SS3_Handler                          0x00000369   Thumb Code     2  startup_tm4c123.o(.text)
    WDT0_Handler                             0x0000036b   Thumb Code     2  startup_tm4c123.o(.text)
    TIMER0A_Handler                          0x0000036d   Thumb Code     2  startup_tm4c123.o(.text)
    TIMER0B_Handler                          0x0000036f   Thumb Code     2  startup_tm4c123.o(.text)
    TIMER1A_Handler                          0x00000371   Thumb Code     2  startup_tm4c123.o(.text)
    TIMER1B_Handler                          0x00000373   Thumb Code     2  startup_tm4c123.o(.text)
    TIMER2A_Handler                          0x00000375   Thumb Code     2  startup_tm4c123.o(.text)
    TIMER2B_Handler                          0x00000377   Thumb Code     2  startup_tm4c123.o(.text)
    COMP0_Handler                            0x00000379   Thumb Code     2  startup_tm4c123.o(.text)
    COMP1_Handler                            0x0000037b   Thumb Code     2  startup_tm4c123.o(.text)
    COMP2_Handler                            0x0000037d   Thumb Code     2  startup_tm4c123.o(.text)
    SYSCTL_Handler                           0x0000037f   Thumb Code     2  startup_tm4c123.o(.text)
    FLASH_Handler                            0x00000381   Thumb Code     2  startup_tm4c123.o(.text)
    GPIOF_Handler                            0x00000383   Thumb Code     2  startup_tm4c123.o(.text)
    GPIOG_Handler                            0x00000385   Thumb Code     2  startup_tm4c123.o(.text)
    GPIOH_Handler                            0x00000387   Thumb Code     2  startup_tm4c123.o(.text)
    UART2_Handler                            0x00000389   Thumb Code     2  startup_tm4c123.o(.text)
    SSI1_Handler                             0x0000038b   Thumb Code     2  startup_tm4c123.o(.text)
    TIMER3A_Handler                          0x0000038d   Thumb Code     2  startup_tm4c123.o(.text)
    TIMER3B_Handler                          0x0000038f   Thumb Code     2  startup_tm4c123.o(.text)
    I2C1_Handler                             0x00000391   Thumb Code     2  startup_tm4c123.o(.text)
    QEI1_Handler                             0x00000393   Thumb Code     2  startup_tm4c123.o(.text)
    CAN0_Handler                             0x00000395   Thumb Code     2  startup_tm4c123.o(.text)
    CAN1_Handler                             0x00000397   Thumb Code     2  startup_tm4c123.o(.text)
    CAN2_Handler                             0x00000399   Thumb Code     2  startup_tm4c123.o(.text)
    HIB_Handler                              0x0000039b   Thumb Code     2  startup_tm4c123.o(.text)
    USB0_Handler                             0x0000039d   Thumb Code     2  startup_tm4c123.o(.text)
    PWM0_3_Handler                           0x0000039f   Thumb Code     2  startup_tm4c123.o(.text)
    UDMA_Handler                             0x000003a1   Thumb Code     2  startup_tm4c123.o(.text)
    UDMAERR_Handler                          0x000003a3   Thumb Code     2  startup_tm4c123.o(.text)
    ADC1SS0_Handler                          0x000003a5   Thumb Code     2  startup_tm4c123.o(.text)
    ADC1SS1_Handler                          0x000003a7   Thumb Code     2  startup_tm4c123.o(.text)
    ADC1SS2_Handler                          0x000003a9   Thumb Code     2  startup_tm4c123.o(.text)
    ADC1SS3_Handler                          0x000003ab   Thumb Code     2  startup_tm4c123.o(.text)
    GPIOJ_Handler                            0x000003ad   Thumb Code     2  startup_tm4c123.o(.text)
    GPIOK_Handler                            0x000003af   Thumb Code     2  startup_tm4c123.o(.text)
    GPIOL_Handler                            0x000003b1   Thumb Code     2  startup_tm4c123.o(.text)
    SSI2_Handler                             0x000003b3   Thumb Code     2  startup_tm4c123.o(.text)
    SSI3_Handler                             0x000003b5   Thumb Code     2  startup_tm4c123.o(.text)
    UART3_Handler                            0x000003b7   Thumb Code     2  startup_tm4c123.o(.text)
    UART4_Handler                            0x000003b9   Thumb Code     2  startup_tm4c123.o(.text)
    UART5_Handler                            0x000003bb   Thumb Code     2  startup_tm4c123.o(.text)
    UART6_Handler                            0x000003bd   Thumb Code     2  startup_tm4c123.o(.text)
    UART7_Handler                            0x000003bf   Thumb Code     2  startup_tm4c123.o(.text)
    I2C2_Handler                             0x000003c1   Thumb Code     2  startup_tm4c123.o(.text)
    I2C3_Handler                             0x000003c3   Thumb Code     2  startup_tm4c123.o(.text)
    TIMER4A_Handler                          0x000003c5   Thumb Code     2  startup_tm4c123.o(.text)
    TIMER4B_Handler                          0x000003c7   Thumb Code     2  startup_tm4c123.o(.text)
    TIMER5A_Handler                          0x000003c9   Thumb Code     2  startup_tm4c123.o(.text)
    TIMER5B_Handler                          0x000003cb   Thumb Code     2  startup_tm4c123.o(.text)
    WTIMER0A_Handler                         0x000003cd   Thumb Code     2  startup_tm4c123.o(.text)
    WTIMER0B_Handler                         0x000003cf   Thumb Code     2  startup_tm4c123.o(.text)
    WTIMER1A_Handler                         0x000003d1   Thumb Code     2  startup_tm4c123.o(.text)
    WTIMER1B_Handler                         0x000003d3   Thumb Code     2  startup_tm4c123.o(.text)
    WTIMER2A_Handler                         0x000003d5   Thumb Code     2  startup_tm4c123.o(.text)
    WTIMER2B_Handler                         0x000003d7   Thumb Code     2  startup_tm4c123.o(.text)
    WTIMER3A_Handler                         0x000003d9   Thumb Code     2  startup_tm4c123.o(.text)
    WTIMER3B_Handler                         0x000003db   Thumb Code     2  startup_tm4c123.o(.text)
    WTIMER4A_Handler                         0x000003dd   Thumb Code     2  startup_tm4c123.o(.text)
    WTIMER4B_Handler                         0x000003df   Thumb Code     2  startup_tm4c123.o(.text)
    WTIMER5A_Handler                         0x000003e1   Thumb Code     2  startup_tm4c123.o(.text)
    WTIMER5B_Handler                         0x000003e3   Thumb Code     2  startup_tm4c123.o(.text)
    FPU_Handler                              0x000003e5   Thumb Code     2  startup_tm4c123.o(.text)
    I2C4_Handler                             0x000003e7   Thumb Code     2  startup_tm4c123.o(.text)
    I2C5_Handler                             0x000003e9   Thumb Code     2  startup_tm4c123.o(.text)
    GPIOM_Handler                            0x000003eb   Thumb Code     2  startup_tm4c123.o(.text)
    GPION_Handler                            0x000003ed   Thumb Code     2  startup_tm4c123.o(.text)
    QEI2_Handler                             0x000003ef   Thumb Code     2  startup_tm4c123.o(.text)
    GPIOP0_Handler                           0x000003f1   Thumb Code     2  startup_tm4c123.o(.text)
    GPIOP1_Handler                           0x000003f3   Thumb Code     2  startup_tm4c123.o(.text)
    GPIOP2_Handler                           0x000003f5   Thumb Code     2  startup_tm4c123.o(.text)
    GPIOP3_Handler                           0x000003f7   Thumb Code     2  startup_tm4c123.o(.text)
    GPIOP4_Handler                           0x000003f9   Thumb Code     2  startup_tm4c123.o(.text)
    GPIOP5_Handler                           0x000003fb   Thumb Code     2  startup_tm4c123.o(.text)
    GPIOP6_Handler                           0x000003fd   Thumb Code     2  startup_tm4c123.o(.text)
    GPIOP7_Handler                           0x000003ff   Thumb Code     2  startup_tm4c123.o(.text)
    GPIOQ0_Handler                           0x00000401   Thumb Code     2  startup_tm4c123.o(.text)
    GPIOQ1_Handler                           0x00000403   Thumb Code     2  startup_tm4c123.o(.text)
    GPIOQ2_Handler                           0x00000405   Thumb Code     2  startup_tm4c123.o(.text)
    GPIOQ3_Handler                           0x00000407   Thumb Code     2  startup_tm4c123.o(.text)
    GPIOQ4_Handler                           0x00000409   Thumb Code     2  startup_tm4c123.o(.text)
    GPIOQ5_Handler                           0x0000040b   Thumb Code     2  startup_tm4c123.o(.text)
    GPIOQ6_Handler                           0x0000040d   Thumb Code     2  startup_tm4c123.o(.text)
    GPIOQ7_Handler                           0x0000040f   Thumb Code     2  startup_tm4c123.o(.text)
    GPIOR_Handler                            0x00000411   Thumb Code     2  startup_tm4c123.o(.text)
    GPIOS_Handler                            0x00000413   Thumb Code     2  startup_tm4c123.o(.text)
    PMW1_0_Handler                           0x00000415   Thumb Code     2  startup_tm4c123.o(.text)
    PWM1_1_Handler                           0x00000417   Thumb Code     2  startup_tm4c123.o(.text)
    PWM1_2_Handler                           0x00000419   Thumb Code     2  startup_tm4c123.o(.text)
    PWM1_3_Handler                           0x0000041b   Thumb Code     2  startup_tm4c123.o(.text)
    PWM1_FAULT_Handler                       0x0000041d   Thumb Code     2  startup_tm4c123.o(.text)
    __user_initial_stackheap                 0x00000421   Thumb Code     0  startup_tm4c123.o(.text)
    __aeabi_memcpy                           0x00000441   Thumb Code     0  rt_memcpy_v6.o(.text)
    __rt_memcpy                              0x00000441   Thumb Code   138  rt_memcpy_v6.o(.text)
    _memcpy_lastbytes                        0x000004a7   Thumb Code     0  rt_memcpy_v6.o(.text)
    __aeabi_memset4                          0x000004cb   Thumb Code    16  aeabi_memset4.o(.text)
    __aeabi_memset8                          0x000004cb   Thumb Code     0  aeabi_memset4.o(.text)
    __use_two_region_memory                  0x000004db   Thumb Code     2  heapauxi.o(.text)
    __rt_heap_escrow$2region                 0x000004dd   Thumb Code     2  heapauxi.o(.text)
    __rt_heap_expand$2region                 0x000004df   Thumb Code     2  heapauxi.o(.text)
    __aeabi_memcpy4                          0x000004e1   Thumb Code     0  rt_memcpy_w.o(.text)
    __aeabi_memcpy8                          0x000004e1   Thumb Code     0  rt_memcpy_w.o(.text)
    __rt_memcpy_w                            0x000004e1   Thumb Code   100  rt_memcpy_w.o(.text)
    _memcpy_lastbytes_aligned                0x00000529   Thumb Code     0  rt_memcpy_w.o(.text)
    __aeabi_memclr4                          0x00000545   Thumb Code     0  rt_memclr_w.o(.text)
    __aeabi_memclr8                          0x00000545   Thumb Code     0  rt_memclr_w.o(.text)
    __rt_memclr_w                            0x00000545   Thumb Code     0  rt_memclr_w.o(.text)
    _memset_w                                0x00000549   Thumb Code    74  rt_memclr_w.o(.text)
    __user_setup_stackheap                   0x00000593   Thumb Code    74  sys_stackheap_outer.o(.text)
    exit                                     0x000005dd   Thumb Code    18  exit.o(.text)
    __user_libspace                          0x000005f1   Thumb Code     8  libspace.o(.text)
    __user_perproc_libspace                  0x000005f1   Thumb Code     0  libspace.o(.text)
    __user_perthread_libspace                0x000005f1   Thumb Code     0  libspace.o(.text)
    _sys_exit                                0x000005f9   Thumb Code     8  sys_exit.o(.text)
    __I$use$semihosting                      0x00000605   Thumb Code     0  use_no_semi.o(.text)
    __use_no_semihosting_swi                 0x00000605   Thumb Code     2  use_no_semi.o(.text)
    __semihosting_library_function           0x00000607   Thumb Code     0  indicate_semi.o(.text)
    CounterTask                              0x00000609   Thumb Code   100  main.o(.text.CounterTask)
    LedTogglerTask                           0x0000066d   Thumb Code   156  main.o(.text.LedTogglerTask)
    PendSV_Handler                           0x00000711   Thumb Code   100  port.o(.text.PendSV_Handler)
    SVC_Handler                              0x00000781   Thumb Code    36  port.o(.text.SVC_Handler)
    SysTick_Handler                          0x000007a5   Thumb Code    60  port.o(.text.SysTick_Handler)
    SystemInit                               0x000007e1   Thumb Code   268  system_tm4c123.o(.text.SystemInit)
    initTask                                 0x000008ed   Thumb Code   288  main.o(.text.initTask)
    itoa                                     0x00000a0d   Thumb Code   170  utils.o(.text.itoa)
    main                                     0x00000ab9   Thumb Code   182  main.o(.text.main)
    push_button_isr                          0x000019a1   Thumb Code    76  main.o(.text.push_button_isr)
    pvPortMalloc                             0x000019ed   Thumb Code   396  heap_2.o(.text.pvPortMalloc)
    pvTaskIncrementMutexHeldCount            0x00001b79   Thumb Code    44  tasks.o(.text.pvTaskIncrementMutexHeldCount)
    pxPortInitialiseStack                    0x00001ba5   Thumb Code    94  port.o(.text.pxPortInitialiseStack)
    uart_send_string                         0x00001c05   Thumb Code    76  utils.o(.text.uart_send_string)
    uxListRemove                             0x00001c51   Thumb Code    72  list.o(.text.uxListRemove)
    vListInitialise                          0x00001c99   Thumb Code    46  list.o(.text.vListInitialise)
    vListInitialiseItem                      0x00001cc9   Thumb Code    14  list.o(.text.vListInitialiseItem)
    vListInsert                              0x00001cd9   Thumb Code   106  list.o(.text.vListInsert)
    vListInsertEnd                           0x00001d45   Thumb Code    58  list.o(.text.vListInsertEnd)
    vPortEnterCritical                       0x00001d95   Thumb Code    86  port.o(.text.vPortEnterCritical)
    vPortExitCritical                        0x00001ded   Thumb Code    74  port.o(.text.vPortExitCritical)
    vPortFree                                0x00001e39   Thumb Code   114  heap_2.o(.text.vPortFree)
    vPortSetupTimerInterrupt                 0x00001ead   Thumb Code    68  port.o(.text.vPortSetupTimerInterrupt)
    vPortValidateInterruptPriority           0x00001ef1   Thumb Code   132  port.o(.text.vPortValidateInterruptPriority)
    vQueueWaitForMessageRestricted           0x00001f75   Thumb Code   100  queue.o(.text.vQueueWaitForMessageRestricted)
    vTaskDelay                               0x00001fd9   Thumb Code   110  tasks.o(.text.vTaskDelay)
    vTaskDelete                              0x00002049   Thumb Code   340  tasks.o(.text.vTaskDelete)
    vTaskInternalSetTimeOutState             0x0000219d   Thumb Code    36  tasks.o(.text.vTaskInternalSetTimeOutState)
    vTaskMissedYield                         0x000021c1   Thumb Code    14  tasks.o(.text.vTaskMissedYield)
    vTaskPlaceOnEventList                    0x000021d1   Thumb Code    66  tasks.o(.text.vTaskPlaceOnEventList)
    vTaskPlaceOnEventListRestricted          0x00002215   Thumb Code   124  tasks.o(.text.vTaskPlaceOnEventListRestricted)
    vTaskPriorityDisinheritAfterTimeout      0x00002291   Thumb Code   386  tasks.o(.text.vTaskPriorityDisinheritAfterTimeout)
    vTaskStartScheduler                      0x00002415   Thumb Code   186  tasks.o(.text.vTaskStartScheduler)
    vTaskSuspendAll                          0x000024d1   Thumb Code    16  tasks.o(.text.vTaskSuspendAll)
    vTaskSwitchContext                       0x000024e1   Thumb Code   190  tasks.o(.text.vTaskSwitchContext)
    xPortStartScheduler                      0x000025a1   Thumb Code   342  port.o(.text.xPortStartScheduler)
    xQueueCreateMutex                        0x000026f9   Thumb Code    38  queue.o(.text.xQueueCreateMutex)
    xQueueGenericCreate                      0x00002721   Thumb Code   154  queue.o(.text.xQueueGenericCreate)
    xQueueGenericReset                       0x000027bd   Thumb Code   264  queue.o(.text.xQueueGenericReset)
    xQueueGenericSend                        0x000028c5   Thumb Code   628  queue.o(.text.xQueueGenericSend)
    xQueueGiveFromISR                        0x00002b39   Thumb Code   366  queue.o(.text.xQueueGiveFromISR)
    xQueueReceive                            0x00002ca9   Thumb Code   476  queue.o(.text.xQueueReceive)
    xQueueSemaphoreTake                      0x00002e85   Thumb Code   556  queue.o(.text.xQueueSemaphoreTake)
    xTaskCheckForTimeOut                     0x000030b1   Thumb Code   252  tasks.o(.text.xTaskCheckForTimeOut)
    xTaskCreate                              0x000031ad   Thumb Code   152  tasks.o(.text.xTaskCreate)
    xTaskGetSchedulerState                   0x00003245   Thumb Code    56  tasks.o(.text.xTaskGetSchedulerState)
    xTaskGetTickCount                        0x0000327d   Thumb Code    20  tasks.o(.text.xTaskGetTickCount)
    xTaskIncrementTick                       0x00003291   Thumb Code   608  tasks.o(.text.xTaskIncrementTick)
    xTaskPriorityDisinherit                  0x000034f1   Thumb Code   312  tasks.o(.text.xTaskPriorityDisinherit)
    xTaskPriorityInherit                     0x00003629   Thumb Code   348  tasks.o(.text.xTaskPriorityInherit)
    xTaskRemoveFromEventList                 0x00003785   Thumb Code   396  tasks.o(.text.xTaskRemoveFromEventList)
    xTaskResumeAll                           0x00003911   Thumb Code   546  tasks.o(.text.xTaskResumeAll)
    xTimerCreateTimerTask                    0x00003b35   Thumb Code   106  timers.o(.text.xTimerCreateTimerTask)
    GPIODirModeSet                           0x00003b9f   Thumb Code    40  gpio.o(i.GPIODirModeSet)
    GPIOIntClear                             0x00003bc7   Thumb Code     6  gpio.o(i.GPIOIntClear)
    GPIOIntEnable                            0x00003bcd   Thumb Code    12  gpio.o(i.GPIOIntEnable)
    GPIOIntRegister                          0x00003bd9   Thumb Code    26  gpio.o(i.GPIOIntRegister)
    GPIOIntTypeSet                           0x00003bf3   Thumb Code    80  gpio.o(i.GPIOIntTypeSet)
    GPIOPadConfigSet                         0x00003c45   Thumb Code   354  gpio.o(i.GPIOPadConfigSet)
    GPIOPinTypeGPIOInput                     0x00003db5   Thumb Code    28  gpio.o(i.GPIOPinTypeGPIOInput)
    GPIOPinTypeGPIOOutput                    0x00003dd1   Thumb Code    28  gpio.o(i.GPIOPinTypeGPIOOutput)
    GPIOPinTypeUART                          0x00003ded   Thumb Code    28  gpio.o(i.GPIOPinTypeUART)
    IntEnable                                0x00003e09   Thumb Code    92  interrupt.o(i.IntEnable)
    IntRegister                              0x00003e6d   Thumb Code    44  interrupt.o(i.IntRegister)
    SysCtlClockGet                           0x00003ea1   Thumb Code   304  sysctl.o(i.SysCtlClockGet)
    SysCtlPeripheralEnable                   0x00003ff5   Thumb Code    36  sysctl.o(i.SysCtlPeripheralEnable)
    SysCtlPeripheralReady                    0x0000401d   Thumb Code    40  sysctl.o(i.SysCtlPeripheralReady)
    UARTCharPut                              0x00004049   Thumb Code    12  uart.o(i.UARTCharPut)
    UARTClockSourceSet                       0x00004055   Thumb Code     6  uart.o(i.UARTClockSourceSet)
    UARTConfigSetExpClk                      0x0000405b   Thumb Code   110  uart.o(i.UARTConfigSetExpClk)
    UARTDisable                              0x000040c9   Thumb Code    30  uart.o(i.UARTDisable)
    UARTEnable                               0x000040e7   Thumb Code    20  uart.o(i.UARTEnable)
    _fp_init                                 0x0000414d   Thumb Code    26  fpinit.o(x$fpl$fpinit)
    __fplib_config_fpu_vfp                   0x00004165   Thumb Code     0  fpinit.o(x$fpl$fpinit)
    __fplib_config_pureend_doubles           0x00004165   Thumb Code     0  fpinit.o(x$fpl$fpinit)
    uxTopUsedPriority                        0x00004758   Data           4  tasks.o(.rodata.uxTopUsedPriority)
    Region$$Table$$Base                      0x0000475c   Number         0  anon$$obj.o(Region$$Table)
    Region$$Table$$Limit                     0x0000477c   Number         0  anon$$obj.o(Region$$Table)
    SystemCoreClock                          0x20000000   Data           4  system_tm4c123.o(.data.SystemCoreClock)
    __libspace_start                         0x20000670   Data          96  libspace.o(.bss)
    __temporary_stack_top$libspace           0x200006d0   Data           0  libspace.o(.bss)
    pxCurrentTCB                             0x200006d8   Data           4  tasks.o(.bss.pxCurrentTCB)
    xMutex                                   0x200017c8   Data           4  main.o(.bss.xMutex)
    xSemaphore                               0x200017f0   Data           4  main.o(.bss.xSemaphore)



==============================================================================

Memory Map of the image

  Image Entry point : 0x0000032d

  Load Region LR_1 (Base: 0x00000000, Size: 0x00004e6c, Max: 0xffffffff, ABSOLUTE, COMPRESSED[0x00004818])

    Execution Region ER_RO (Exec base: 0x00000000, Load base: 0x00000000, Size: 0x0000477c, Max: 0xffffffff, ABSOLUTE)

    Exec Addr    Load Addr    Size         Type   Attr      Idx    E Section Name        Object

    0x00000000   0x00000000   0x0000026c   Data   RO           36    RESET               startup_tm4c123.o
    0x0000026c   0x0000026c   0x00000008   Code   RO         1568  * !!!main             c_w.l(__main.o)
    0x00000274   0x00000274   0x00000034   Code   RO         1737    !!!scatter          c_w.l(__scatter.o)
    0x000002a8   0x000002a8   0x0000003a   Code   RO         1735    !!dczerorl          c_w.l(__dczerorl.o)
    0x000002e2   0x000002e2   0x00000002   PAD
    0x000002e4   0x000002e4   0x0000001c   Code   RO         1739    !!handler_zi        c_w.l(__scatter_zi.o)
    0x00000300   0x00000300   0x00000002   Code   RO         1599    .ARM.Collect$$libinit$$00000000  c_w.l(libinit.o)
    0x00000302   0x00000302   0x00000004   Code   RO         1605    .ARM.Collect$$libinit$$00000001  c_w.l(libinit2.o)
    0x00000306   0x00000306   0x00000000   Code   RO         1608    .ARM.Collect$$libinit$$00000004  c_w.l(libinit2.o)
    0x00000306   0x00000306   0x00000000   Code   RO         1611    .ARM.Collect$$libinit$$0000000A  c_w.l(libinit2.o)
    0x00000306   0x00000306   0x00000000   Code   RO         1613    .ARM.Collect$$libinit$$0000000C  c_w.l(libinit2.o)
    0x00000306   0x00000306   0x00000000   Code   RO         1615    .ARM.Collect$$libinit$$0000000E  c_w.l(libinit2.o)
    0x00000306   0x00000306   0x00000000   Code   RO         1618    .ARM.Collect$$libinit$$00000011  c_w.l(libinit2.o)
    0x00000306   0x00000306   0x00000000   Code   RO         1620    .ARM.Collect$$libinit$$00000013  c_w.l(libinit2.o)
    0x00000306   0x00000306   0x00000000   Code   RO         1622    .ARM.Collect$$libinit$$00000015  c_w.l(libinit2.o)
    0x00000306   0x00000306   0x00000000   Code   RO         1624    .ARM.Collect$$libinit$$00000017  c_w.l(libinit2.o)
    0x00000306   0x00000306   0x00000000   Code   RO         1626    .ARM.Collect$$libinit$$00000019  c_w.l(libinit2.o)
    0x00000306   0x00000306   0x00000000   Code   RO         1628    .ARM.Collect$$libinit$$0000001B  c_w.l(libinit2.o)
    0x00000306   0x00000306   0x00000000   Code   RO         1630    .ARM.Collect$$libinit$$0000001D  c_w.l(libinit2.o)
    0x00000306   0x00000306   0x00000000   Code   RO         1632    .ARM.Collect$$libinit$$0000001F  c_w.l(libinit2.o)
    0x00000306   0x00000306   0x00000000   Code   RO         1634    .ARM.Collect$$libinit$$00000021  c_w.l(libinit2.o)
    0x00000306   0x00000306   0x00000000   Code   RO         1636    .ARM.Collect$$libinit$$00000023  c_w.l(libinit2.o)
    0x00000306   0x00000306   0x00000000   Code   RO         1638    .ARM.Collect$$libinit$$00000025  c_w.l(libinit2.o)
    0x00000306   0x00000306   0x00000000   Code   RO         1642    .ARM.Collect$$libinit$$0000002C  c_w.l(libinit2.o)
    0x00000306   0x00000306   0x00000000   Code   RO         1644    .ARM.Collect$$libinit$$0000002E  c_w.l(libinit2.o)
    0x00000306   0x00000306   0x00000000   Code   RO         1646    .ARM.Collect$$libinit$$00000030  c_w.l(libinit2.o)
    0x00000306   0x00000306   0x00000000   Code   RO         1648    .ARM.Collect$$libinit$$00000032  c_w.l(libinit2.o)
    0x00000306   0x00000306   0x00000002   Code   RO         1649    .ARM.Collect$$libinit$$00000033  c_w.l(libinit2.o)
    0x00000308   0x00000308   0x00000002   Code   RO         1671    .ARM.Collect$$libshutdown$$00000000  c_w.l(libshutdown.o)
    0x0000030a   0x0000030a   0x00000000   Code   RO         1686    .ARM.Collect$$libshutdown$$00000002  c_w.l(libshutdown2.o)
    0x0000030a   0x0000030a   0x00000000   Code   RO         1688    .ARM.Collect$$libshutdown$$00000004  c_w.l(libshutdown2.o)
    0x0000030a   0x0000030a   0x00000000   Code   RO         1691    .ARM.Collect$$libshutdown$$00000007  c_w.l(libshutdown2.o)
    0x0000030a   0x0000030a   0x00000000   Code   RO         1694    .ARM.Collect$$libshutdown$$0000000A  c_w.l(libshutdown2.o)
    0x0000030a   0x0000030a   0x00000000   Code   RO         1696    .ARM.Collect$$libshutdown$$0000000C  c_w.l(libshutdown2.o)
    0x0000030a   0x0000030a   0x00000000   Code   RO         1699    .ARM.Collect$$libshutdown$$0000000F  c_w.l(libshutdown2.o)
    0x0000030a   0x0000030a   0x00000002   Code   RO         1700    .ARM.Collect$$libshutdown$$00000010  c_w.l(libshutdown2.o)
    0x0000030c   0x0000030c   0x00000000   Code   RO         1570    .ARM.Collect$$rtentry$$00000000  c_w.l(__rtentry.o)
    0x0000030c   0x0000030c   0x00000000   Code   RO         1576    .ARM.Collect$$rtentry$$00000002  c_w.l(__rtentry2.o)
    0x0000030c   0x0000030c   0x00000006   Code   RO         1588    .ARM.Collect$$rtentry$$00000004  c_w.l(__rtentry4.o)
    0x00000312   0x00000312   0x00000000   Code   RO         1578    .ARM.Collect$$rtentry$$00000009  c_w.l(__rtentry2.o)
    0x00000312   0x00000312   0x00000004   Code   RO         1579    .ARM.Collect$$rtentry$$0000000A  c_w.l(__rtentry2.o)
    0x00000316   0x00000316   0x00000000   Code   RO         1581    .ARM.Collect$$rtentry$$0000000C  c_w.l(__rtentry2.o)
    0x00000316   0x00000316   0x00000008   Code   RO         1582    .ARM.Collect$$rtentry$$0000000D  c_w.l(__rtentry2.o)
    0x0000031e   0x0000031e   0x00000002   Code   RO         1603    .ARM.Collect$$rtexit$$00000000  c_w.l(rtexit.o)
    0x00000320   0x00000320   0x00000000   Code   RO         1651    .ARM.Collect$$rtexit$$00000002  c_w.l(rtexit2.o)
    0x00000320   0x00000320   0x00000004   Code   RO         1652    .ARM.Collect$$rtexit$$00000003  c_w.l(rtexit2.o)
    0x00000324   0x00000324   0x00000006   Code   RO         1653    .ARM.Collect$$rtexit$$00000004  c_w.l(rtexit2.o)
    0x0000032a   0x0000032a   0x00000002   PAD
    0x0000032c   0x0000032c   0x00000114   Code   RO           37  * .text               startup_tm4c123.o
    0x00000440   0x00000440   0x0000008a   Code   RO         1562    .text               c_w.l(rt_memcpy_v6.o)
    0x000004ca   0x000004ca   0x00000010   Code   RO         1564    .text               c_w.l(aeabi_memset4.o)
    0x000004da   0x000004da   0x00000006   Code   RO         1566    .text               c_w.l(heapauxi.o)
    0x000004e0   0x000004e0   0x00000064   Code   RO         1571    .text               c_w.l(rt_memcpy_w.o)
    0x00000544   0x00000544   0x0000004e   Code   RO         1573    .text               c_w.l(rt_memclr_w.o)
    0x00000592   0x00000592   0x0000004a   Code   RO         1590    .text               c_w.l(sys_stackheap_outer.o)
    0x000005dc   0x000005dc   0x00000012   Code   RO         1592    .text               c_w.l(exit.o)
    0x000005ee   0x000005ee   0x00000002   PAD
    0x000005f0   0x000005f0   0x00000008   Code   RO         1600    .text               c_w.l(libspace.o)
    0x000005f8   0x000005f8   0x0000000c   Code   RO         1661    .text               c_w.l(sys_exit.o)
    0x00000604   0x00000604   0x00000002   Code   RO         1676    .text               c_w.l(use_no_semi.o)
    0x00000606   0x00000606   0x00000000   Code   RO         1678    .text               c_w.l(indicate_semi.o)
    0x00000606   0x00000606   0x00000002   PAD
    0x00000608   0x00000608   0x00000064   Code   RO            4    .text.CounterTask   main.o
    0x0000066c   0x0000066c   0x0000009c   Code   RO            6    .text.LedTogglerTask  main.o
    0x00000708   0x00000708   0x00000008   PAD
    0x00000710   0x00000710   0x00000064   Code   RO           96    .text.PendSV_Handler  port.o
    0x00000774   0x00000774   0x0000000c   PAD
    0x00000780   0x00000780   0x00000024   Code   RO           80    .text.SVC_Handler   port.o
    0x000007a4   0x000007a4   0x0000003c   Code   RO           98    .text.SysTick_Handler  port.o
    0x000007e0   0x000007e0   0x0000010c   Code   RO           48    .text.SystemInit    system_tm4c123.o
    0x000008ec   0x000008ec   0x00000120   Code   RO            8    .text.initTask      main.o
    0x00000a0c   0x00000a0c   0x000000aa   Code   RO           24    .text.itoa          utils.o
    0x00000ab6   0x00000ab6   0x00000002   PAD
    0x00000ab8   0x00000ab8   0x000000b6   Code   RO           10    .text.main          main.o
    0x00000b6e   0x00000b6e   0x00000002   PAD
    0x00000b70   0x00000b70   0x00000122   Code   RO          215    .text.prvAddCurrentTaskToDelayedList  tasks.o
    0x00000c92   0x00000c92   0x00000002   PAD
    0x00000c94   0x00000c94   0x00000154   Code   RO          203    .text.prvAddNewTaskToReadyList  tasks.o
    0x00000de8   0x00000de8   0x0000006a   Code   RO          363    .text.prvCheckForValidListAndQueue  timers.o
    0x00000e52   0x00000e52   0x00000002   PAD
    0x00000e54   0x00000e54   0x0000005a   Code   RO          329    .text.prvCheckTasksWaitingTermination  tasks.o
    0x00000eae   0x00000eae   0x00000002   PAD
    0x00000eb0   0x00000eb0   0x00000042   Code   RO          150    .text.prvCopyDataFromQueue  queue.o
    0x00000ef2   0x00000ef2   0x00000002   PAD
    0x00000ef4   0x00000ef4   0x000000cc   Code   RO          136    .text.prvCopyDataToQueue  queue.o
    0x00000fc0   0x00000fc0   0x00000018   Code   RO          209    .text.prvDeleteTCB  tasks.o
    0x00000fd8   0x00000fd8   0x00000026   Code   RO          154    .text.prvGetDisinheritPriorityAfterTimeout  queue.o
    0x00000ffe   0x00000ffe   0x00000002   PAD
    0x00001000   0x00001000   0x00000040   Code   RO          399    .text.prvGetNextExpireTime  timers.o
    0x00001040   0x00001040   0x00000042   Code   RO          432    .text.prvHeapInit   heap_2.o
    0x00001082   0x00001082   0x00000002   PAD
    0x00001084   0x00001084   0x00000038   Code   RO          241    .text.prvIdleTask   tasks.o
    0x000010bc   0x000010bc   0x0000002c   Code   RO          120    .text.prvInitialiseMutex  queue.o
    0x000010e8   0x000010e8   0x0000004e   Code   RO          116    .text.prvInitialiseNewQueue  queue.o
    0x00001136   0x00001136   0x00000002   PAD
    0x00001138   0x00001138   0x00000146   Code   RO          201    .text.prvInitialiseNewTask  tasks.o
    0x0000127e   0x0000127e   0x00000002   PAD
    0x00001280   0x00001280   0x0000008e   Code   RO          327    .text.prvInitialiseTaskLists  tasks.o
    0x0000130e   0x0000130e   0x00000002   PAD
    0x00001310   0x00001310   0x00000086   Code   RO          413    .text.prvInsertTimerInActiveList  timers.o
    0x00001396   0x00001396   0x00000002   PAD
    0x00001398   0x00001398   0x00000028   Code   RO          152    .text.prvIsQueueEmpty  queue.o
    0x000013c0   0x000013c0   0x0000002e   Code   RO          140    .text.prvIsQueueFull  queue.o
    0x000013ee   0x000013ee   0x00000002   PAD
    0x000013f0   0x000013f0   0x000000d8   Code   RO          138    .text.prvNotifyQueueSetContainer  queue.o
    0x000014c8   0x000014c8   0x00000028   Code   RO           88    .text.prvPortStartFirstTask  port.o
    0x000014f0   0x000014f0   0x00000054   Code   RO          407    .text.prvProcessExpiredTimer  timers.o
    0x00001544   0x00001544   0x00000180   Code   RO          403    .text.prvProcessReceivedCommands  timers.o
    0x000016c4   0x000016c4   0x0000009a   Code   RO          401    .text.prvProcessTimerOrBlockTask  timers.o
    0x0000175e   0x0000175e   0x00000002   PAD
    0x00001760   0x00001760   0x00000034   Code   RO          411    .text.prvReloadTimer  timers.o
    0x00001794   0x00001794   0x0000003c   Code   RO          207    .text.prvResetNextTaskUnblockTime  tasks.o
    0x000017d0   0x000017d0   0x00000044   Code   RO          405    .text.prvSampleTimeNow  timers.o
    0x00001814   0x00001814   0x00000052   Code   RO          409    .text.prvSwitchTimerLists  timers.o
    0x00001866   0x00001866   0x00000002   PAD
    0x00001868   0x00001868   0x0000004c   Code   RO           78    .text.prvTaskExitError  port.o
    0x000018b4   0x000018b4   0x0000001e   Code   RO          365    .text.prvTimerTask  timers.o
    0x000018d2   0x000018d2   0x00000002   PAD
    0x000018d4   0x000018d4   0x000000cc   Code   RO          142    .text.prvUnlockQueue  queue.o
    0x000019a0   0x000019a0   0x0000004c   Code   RO            2    .text.push_button_isr  main.o
    0x000019ec   0x000019ec   0x0000018c   Code   RO          430    .text.pvPortMalloc  heap_2.o
    0x00001b78   0x00001b78   0x0000002c   Code   RO          311    .text.pvTaskIncrementMutexHeldCount  tasks.o
    0x00001ba4   0x00001ba4   0x0000005e   Code   RO           76    .text.pxPortInitialiseStack  port.o
    0x00001c02   0x00001c02   0x00000002   PAD
    0x00001c04   0x00001c04   0x0000004c   Code   RO           26    .text.uart_send_string  utils.o
    0x00001c50   0x00001c50   0x00000048   Code   RO           67    .text.uxListRemove  list.o
    0x00001c98   0x00001c98   0x0000002e   Code   RO           59    .text.vListInitialise  list.o
    0x00001cc6   0x00001cc6   0x00000002   PAD
    0x00001cc8   0x00001cc8   0x0000000e   Code   RO           61    .text.vListInitialiseItem  list.o
    0x00001cd6   0x00001cd6   0x00000002   PAD
    0x00001cd8   0x00001cd8   0x0000006a   Code   RO           65    .text.vListInsert   list.o
    0x00001d42   0x00001d42   0x00000002   PAD
    0x00001d44   0x00001d44   0x0000003a   Code   RO           63    .text.vListInsertEnd  list.o
    0x00001d7e   0x00001d7e   0x00000002   PAD
    0x00001d80   0x00001d80   0x00000014   Code   RO           86    .text.vPortEnableVFP  port.o
    0x00001d94   0x00001d94   0x00000056   Code   RO           92    .text.vPortEnterCritical  port.o
    0x00001dea   0x00001dea   0x00000002   PAD
    0x00001dec   0x00001dec   0x0000004a   Code   RO           94    .text.vPortExitCritical  port.o
    0x00001e36   0x00001e36   0x00000002   PAD
    0x00001e38   0x00001e38   0x00000072   Code   RO          434    .text.vPortFree     heap_2.o
    0x00001eaa   0x00001eaa   0x00000002   PAD
    0x00001eac   0x00001eac   0x00000044   Code   RO           84    .text.vPortSetupTimerInterrupt  port.o
    0x00001ef0   0x00001ef0   0x00000084   Code   RO          100    .text.vPortValidateInterruptPriority  port.o
    0x00001f74   0x00001f74   0x00000064   Code   RO          180    .text.vQueueWaitForMessageRestricted  queue.o
    0x00001fd8   0x00001fd8   0x0000006e   Code   RO          219    .text.vTaskDelay    tasks.o
    0x00002046   0x00002046   0x00000002   PAD
    0x00002048   0x00002048   0x00000154   Code   RO          205    .text.vTaskDelete   tasks.o
    0x0000219c   0x0000219c   0x00000024   Code   RO          281    .text.vTaskInternalSetTimeOutState  tasks.o
    0x000021c0   0x000021c0   0x0000000e   Code   RO          285    .text.vTaskMissedYield  tasks.o
    0x000021ce   0x000021ce   0x00000002   PAD
    0x000021d0   0x000021d0   0x00000042   Code   RO          269    .text.vTaskPlaceOnEventList  tasks.o
    0x00002212   0x00002212   0x00000002   PAD
    0x00002214   0x00002214   0x0000007c   Code   RO          273    .text.vTaskPlaceOnEventListRestricted  tasks.o
    0x00002290   0x00002290   0x00000182   Code   RO          307    .text.vTaskPriorityDisinheritAfterTimeout  tasks.o
    0x00002412   0x00002412   0x00000002   PAD
    0x00002414   0x00002414   0x000000ba   Code   RO          239    .text.vTaskStartScheduler  tasks.o
    0x000024ce   0x000024ce   0x00000002   PAD
    0x000024d0   0x000024d0   0x00000010   Code   RO          213    .text.vTaskSuspendAll  tasks.o
    0x000024e0   0x000024e0   0x000000be   Code   RO          231    .text.vTaskSwitchContext  tasks.o
    0x0000259e   0x0000259e   0x00000002   PAD
    0x000025a0   0x000025a0   0x00000156   Code   RO           82    .text.xPortStartScheduler  port.o
    0x000026f6   0x000026f6   0x00000002   PAD
    0x000026f8   0x000026f8   0x00000026   Code   RO          118    .text.xQueueCreateMutex  queue.o
    0x0000271e   0x0000271e   0x00000002   PAD
    0x00002720   0x00002720   0x0000009a   Code   RO          114    .text.xQueueGenericCreate  queue.o
    0x000027ba   0x000027ba   0x00000002   PAD
    0x000027bc   0x000027bc   0x00000108   Code   RO          112    .text.xQueueGenericReset  queue.o
    0x000028c4   0x000028c4   0x00000274   Code   RO          128    .text.xQueueGenericSend  queue.o
    0x00002b38   0x00002b38   0x0000016e   Code   RO          146    .text.xQueueGiveFromISR  queue.o
    0x00002ca6   0x00002ca6   0x00000002   PAD
    0x00002ca8   0x00002ca8   0x000001dc   Code   RO          148    .text.xQueueReceive  queue.o
    0x00002e84   0x00002e84   0x0000022c   Code   RO          132    .text.xQueueSemaphoreTake  queue.o
    0x000030b0   0x000030b0   0x000000fc   Code   RO          283    .text.xTaskCheckForTimeOut  tasks.o
    0x000031ac   0x000031ac   0x00000098   Code   RO          199    .text.xTaskCreate   tasks.o
    0x00003244   0x00003244   0x00000038   Code   RO          301    .text.xTaskGetSchedulerState  tasks.o
    0x0000327c   0x0000327c   0x00000014   Code   RO          247    .text.xTaskGetTickCount  tasks.o
    0x00003290   0x00003290   0x00000260   Code   RO          245    .text.xTaskIncrementTick  tasks.o
    0x000034f0   0x000034f0   0x00000138   Code   RO          305    .text.xTaskPriorityDisinherit  tasks.o
    0x00003628   0x00003628   0x0000015c   Code   RO          303    .text.xTaskPriorityInherit  tasks.o
    0x00003784   0x00003784   0x0000018c   Code   RO          275    .text.xTaskRemoveFromEventList  tasks.o
    0x00003910   0x00003910   0x00000222   Code   RO          217    .text.xTaskResumeAll  tasks.o
    0x00003b32   0x00003b32   0x00000002   PAD
    0x00003b34   0x00003b34   0x0000006a   Code   RO          361    .text.xTimerCreateTimerTask  timers.o
    0x00003b9e   0x00003b9e   0x00000028   Code   RO          456    i.GPIODirModeSet    driverlib.lib(gpio.o)
    0x00003bc6   0x00003bc6   0x00000006   Code   RO          457    i.GPIOIntClear      driverlib.lib(gpio.o)
    0x00003bcc   0x00003bcc   0x0000000c   Code   RO          459    i.GPIOIntEnable     driverlib.lib(gpio.o)
    0x00003bd8   0x00003bd8   0x0000001a   Code   RO          460    i.GPIOIntRegister   driverlib.lib(gpio.o)
    0x00003bf2   0x00003bf2   0x00000050   Code   RO          464    i.GPIOIntTypeSet    driverlib.lib(gpio.o)
    0x00003c42   0x00003c42   0x00000002   PAD
    0x00003c44   0x00003c44   0x00000170   Code   RO          468    i.GPIOPadConfigSet  driverlib.lib(gpio.o)
    0x00003db4   0x00003db4   0x0000001c   Code   RO          479    i.GPIOPinTypeGPIOInput  driverlib.lib(gpio.o)
    0x00003dd0   0x00003dd0   0x0000001c   Code   RO          480    i.GPIOPinTypeGPIOOutput  driverlib.lib(gpio.o)
    0x00003dec   0x00003dec   0x0000001c   Code   RO          492    i.GPIOPinTypeUART   driverlib.lib(gpio.o)
    0x00003e08   0x00003e08   0x00000064   Code   RO         1449    i.IntEnable         driverlib.lib(interrupt.o)
    0x00003e6c   0x00003e6c   0x00000034   Code   RO         1461    i.IntRegister       driverlib.lib(interrupt.o)
    0x00003ea0   0x00003ea0   0x00000154   Code   RO          792    i.SysCtlClockGet    driverlib.lib(sysctl.o)
    0x00003ff4   0x00003ff4   0x00000028   Code   RO          823    i.SysCtlPeripheralEnable  driverlib.lib(sysctl.o)
    0x0000401c   0x0000401c   0x0000002c   Code   RO          827    i.SysCtlPeripheralReady  driverlib.lib(sysctl.o)
    0x00004048   0x00004048   0x0000000c   Code   RO         1151    i.UARTCharPut       driverlib.lib(uart.o)
    0x00004054   0x00004054   0x00000006   Code   RO         1155    i.UARTClockSourceSet  driverlib.lib(uart.o)
    0x0000405a   0x0000405a   0x0000006e   Code   RO         1157    i.UARTConfigSetExpClk  driverlib.lib(uart.o)
    0x000040c8   0x000040c8   0x0000001e   Code   RO         1160    i.UARTDisable       driverlib.lib(uart.o)
    0x000040e6   0x000040e6   0x00000014   Code   RO         1162    i.UARTEnable        driverlib.lib(uart.o)
    0x000040fa   0x000040fa   0x00000002   PAD
    0x000040fc   0x000040fc   0x00000050   Code   RO          500    i._GPIOIntNumberGet  driverlib.lib(gpio.o)
    0x0000414c   0x0000414c   0x0000001a   Code   RO         1659    x$fpl$fpinit        fz_wm.l(fpinit.o)
    0x00004166   0x00004166   0x00000002   PAD
    0x00004168   0x00004168   0x00000228   Data   RO          501    .constdata          driverlib.lib(gpio.o)
    0x00004390   0x00004390   0x00000254   Data   RO          845    .constdata          driverlib.lib(sysctl.o)
    0x000045e4   0x000045e4   0x0000010c   Data   RO         1465    .constdata          driverlib.lib(interrupt.o)
    0x000046f0   0x000046f0   0x0000001a   Data   RO           14    .rodata..L.str      main.o
    0x0000470a   0x0000470a   0x00000040   Data   RO           15    .rodata.str1.1      main.o
    0x0000474a   0x0000474a   0x00000005   Data   RO          347    .rodata.str1.1      tasks.o
    0x0000474f   0x0000474f   0x00000008   Data   RO          416    .rodata.str1.1      timers.o
    0x00004757   0x00004757   0x00000001   PAD
    0x00004758   0x00004758   0x00000004   Data   RO          332    .rodata.uxTopUsedPriority  tasks.o
    0x0000475c   0x0000475c   0x00000020   Data   RO         1734    Region$$Table       anon$$obj.o


    Execution Region ER_RW (Exec base: 0x20000000, Load base: 0x00004800, Size: 0x0000066c, Max: 0xffffffff, ABSOLUTE, COMPRESSED[0x00000018])

    Exec Addr    Load Addr    Size         Type   Attr      Idx    E Section Name        Object

    0x20000000   COMPRESSED   0x00000004   Data   RW           50    .data.SystemCoreClock  system_tm4c123.o
    0x20000004   COMPRESSED   0x00000004   Data   RW          104    .data.uxCriticalNesting  port.o
    0x20000008   COMPRESSED   0x00000004   Data   RW          441    .data.xFreeBytesRemaining  heap_2.o
    0x2000000c   COMPRESSED   0x000003f4   PAD
    0x20000400   COMPRESSED   0x0000026c   Data   RW         1466    vtable              driverlib.lib(interrupt.o)


    Execution Region ER_ZI (Exec base: 0x20000670, Load base: 0x00004818, Size: 0x000013c8, Max: 0xffffffff, ABSOLUTE)

    Exec Addr    Load Addr    Size         Type   Attr      Idx    E Section Name        Object

    0x20000670        -       0x00000060   Zero   RW         1601    .bss                c_w.l(libspace.o)
    0x200006d0        -       0x00000004   Zero   RW          420    .bss.prvSampleTimeNow.xLastTime  timers.o
    0x200006d4        -       0x00000004   Zero   RW          440    .bss.pvPortMalloc.xHeapHasBeenInitialised  heap_2.o
    0x200006d8        -       0x00000004   Zero   RW          331    .bss.pxCurrentTCB   tasks.o
    0x200006dc        -       0x00000004   Zero   RW          418    .bss.pxCurrentTimerList  timers.o
    0x200006e0        -       0x00000004   Zero   RW          342    .bss.pxDelayedTaskList  tasks.o
    0x200006e4        -       0x00000004   Zero   RW          343    .bss.pxOverflowDelayedTaskList  tasks.o
    0x200006e8        -       0x00000004   Zero   RW          419    .bss.pxOverflowTimerList  timers.o
    0x200006ec        -       0x00000064   Zero   RW          333    .bss.pxReadyTasksLists  tasks.o
    0x20000750        -       0x00001000   Zero   RW          444    .bss.ucHeap         heap_2.o
    0x20001750        -       0x00000001   Zero   RW          102    .bss.ucMaxSysCallPriority  port.o
    0x20001751   0x00004818   0x00000003   PAD
    0x20001754        -       0x00000004   Zero   RW          103    .bss.ulMaxPRIGROUPValue  port.o
    0x20001758        -       0x00000004   Zero   RW          338    .bss.uxCurrentNumberOfTasks  tasks.o
    0x2000175c        -       0x00000004   Zero   RW          337    .bss.uxDeletedTasksWaitingCleanUp  tasks.o
    0x20001760        -       0x00000004   Zero   RW          340    .bss.uxSchedulerSuspended  tasks.o
    0x20001764        -       0x00000004   Zero   RW          335    .bss.uxTaskNumber   tasks.o
    0x20001768        -       0x00000004   Zero   RW          334    .bss.uxTopReadyPriority  tasks.o
    0x2000176c        -       0x00000014   Zero   RW          421    .bss.xActiveTimerList1  timers.o
    0x20001780        -       0x00000014   Zero   RW          422    .bss.xActiveTimerList2  timers.o
    0x20001794        -       0x00000014   Zero   RW          352    .bss.xDelayedTaskList1  tasks.o
    0x200017a8        -       0x00000014   Zero   RW          353    .bss.xDelayedTaskList2  tasks.o
    0x200017bc        -       0x00000008   Zero   RW          443    .bss.xEnd           heap_2.o
    0x200017c4        -       0x00000004   Zero   RW          348    .bss.xIdleTaskHandle  tasks.o
    0x200017c8        -       0x00000004   Zero   RW           13    .bss.xMutex         main.o
    0x200017cc        -       0x00000004   Zero   RW          349    .bss.xNextTaskUnblockTime  tasks.o
    0x200017d0        -       0x00000004   Zero   RW          351    .bss.xNumOfOverflows  tasks.o
    0x200017d4        -       0x00000004   Zero   RW          350    .bss.xPendedTicks   tasks.o
    0x200017d8        -       0x00000014   Zero   RW          346    .bss.xPendingReadyList  tasks.o
    0x200017ec        -       0x00000004   Zero   RW          339    .bss.xSchedulerRunning  tasks.o
    0x200017f0        -       0x00000004   Zero   RW           12    .bss.xSemaphore     main.o
    0x200017f4        -       0x00000008   Zero   RW          442    .bss.xStart         heap_2.o
    0x200017fc        -       0x00000014   Zero   RW          344    .bss.xSuspendedTaskList  tasks.o
    0x20001810        -       0x00000014   Zero   RW          336    .bss.xTasksWaitingTermination  tasks.o
    0x20001824        -       0x00000004   Zero   RW          341    .bss.xTickCount     tasks.o
    0x20001828        -       0x00000004   Zero   RW          415    .bss.xTimerQueue    timers.o
    0x2000182c        -       0x00000004   Zero   RW          417    .bss.xTimerTaskHandle  timers.o
    0x20001830        -       0x00000004   Zero   RW          345    .bss.xYieldPending  tasks.o
    0x20001834   0x00004818   0x00000004   PAD
    0x20001838        -       0x00000000   Zero   RW           35    HEAP                startup_tm4c123.o
    0x20001838        -       0x00000200   Zero   RW           34    STACK               startup_tm4c123.o


==============================================================================

Image component sizes


      Code (inc. data)   RO Data    RW Data    ZI Data      Debug   Object Name

       576          0          0          4       4116       2752   heap_2.o
       296          0          0          0          0       2336   list.o
       802          0         90          0          8       2010   main.o
      1128         16          0          4          5       3923   port.o
      3518          0          0          0          0      16952   queue.o
       276         24        620          0        512       5456   startup_tm4c123.o
       268          0          0          4          0       6732   system_tm4c123.o
      5530          0          9          0        260      26131   tasks.o
      1264         10          8          0         60       9465   timers.o
       246          0          0          0          0        948   utils.o

    ----------------------------------------------------------------------
     13994         62        760       1024       4968      76705   Object Totals
         0          0         32          0          0          0   (incl. Generated)
        90         12          1       1012          7          0   (incl. Padding)

    ----------------------------------------------------------------------

      Code (inc. data)   RO Data    RW Data    ZI Data      Debug   Library Member Name

        58          0          0          0          0          0   __dczerorl.o
         8          0          0          0          0         68   __main.o
         0          0          0          0          0          0   __rtentry.o
        12          0          0          0          0          0   __rtentry2.o
         6          0          0          0          0          0   __rtentry4.o
        52          8          0          0          0          0   __scatter.o
        28          0          0          0          0          0   __scatter_zi.o
        16          0          0          0          0         68   aeabi_memset4.o
        18          0          0          0          0         80   exit.o
         6          0          0          0          0        152   heapauxi.o
         0          0          0          0          0          0   indicate_semi.o
         2          0          0          0          0          0   libinit.o
         6          0          0          0          0          0   libinit2.o
         2          0          0          0          0          0   libshutdown.o
         2          0          0          0          0          0   libshutdown2.o
         8          4          0          0         96         68   libspace.o
        78          0          0          0          0         80   rt_memclr_w.o
       138          0          0          0          0         68   rt_memcpy_v6.o
       100          0          0          0          0         80   rt_memcpy_w.o
         2          0          0          0          0          0   rtexit.o
        10          0          0          0          0          0   rtexit2.o
        12          4          0          0          0         68   sys_exit.o
        74          0          0          0          0         80   sys_stackheap_outer.o
         2          0          0          0          0         68   use_no_semi.o
       696         32        552          0          0      11295   gpio.o
       152         16        268        620          0       2150   interrupt.o
       424         44        596          0          0       3674   sysctl.o
       178          0          0          0          0       3406   uart.o
        26          0          0          0          0        116   fpinit.o

    ----------------------------------------------------------------------
      2130        108       1416        620         96      21521   Library Totals
        14          0          0          0          0          0   (incl. Padding)

    ----------------------------------------------------------------------

      Code (inc. data)   RO Data    RW Data    ZI Data      Debug   Library Name

       640         16          0          0         96        880   c_w.l
      1450         92       1416        620          0      20525   driverlib.lib
        26          0          0          0          0        116   fz_wm.l

    ----------------------------------------------------------------------
      2130        108       1416        620         96      21521   Library Totals

    ----------------------------------------------------------------------

==============================================================================


      Code (inc. data)   RO Data    RW Data    ZI Data      Debug   

     16124        170       2176       1644       5064      96202   Grand Totals
     16124        170       2176         24       5064      96202   ELF Image Totals (compressed)
     16124        170       2176         24          0          0   ROM Totals

==============================================================================

    Total RO  Size (Code + RO Data)                18300 (  17.87kB)
    Total RW  Size (RW Data + ZI Data)              6708 (   6.55kB)
    Total ROM Size (Code + RO Data + RW Data)      18324 (  17.89kB)

==============================================================================

